Component: ARM Compiler 5.06 update 7 (build 960) Tool: armlink [4d3601]

==============================================================================

Section Cross References

    main.o(i.Init_Task) refers to sys_module.o(i.Module_Init) for Module_Init
    main.o(i.Init_Task) refers to cpu_core.o(i.CPU_Init) for CPU_Init
    main.o(i.Init_Task) refers to os_stat.o(i.OSStatTaskCPUUsageInit) for OSStatTaskCPUUsageInit
    main.o(i.Init_Task) refers to os_task.o(i.OSTaskCreate) for OSTaskCreate
    main.o(i.Init_Task) refers to sys_module.o(i.Task_Init) for Task_Init
    main.o(i.Init_Task) refers to telnet.o(i.ping_proc) for ping_proc
    main.o(i.Init_Task) refers to main.o(.bss) for .bss
    main.o(i.Init_Task) refers to system_gd32f4xx.o(.data) for SystemCoreClock
    main.o(i.Init_Task) refers to sys_base.o(i.Sys_State_Task) for Sys_State_Task
    main.o(i.Init_Task) refers to sys_base.o(i.Net_Periodic_Task) for Net_Periodic_Task
    main.o(i.main) refers to gd32f4xx_misc.o(i.nvic_vector_table_set) for nvic_vector_table_set
    main.o(i.main) refers to gd32f4xx_misc.o(i.nvic_priority_group_set) for nvic_priority_group_set
    main.o(i.main) refers to gd32f4xx_rcu.o(i.rcu_periph_clock_enable) for rcu_periph_clock_enable
    main.o(i.main) refers to os_core.o(i.OSInit) for OSInit
    main.o(i.main) refers to os_task.o(i.OSTaskCreate) for OSTaskCreate
    main.o(i.main) refers to os_core.o(i.OSStart) for OSStart
    main.o(i.main) refers to main.o(.bss) for .bss
    main.o(i.main) refers to main.o(i.Init_Task) for Init_Task
    task_module_comm.o(i.Module_Comm_Lock) refers to task_module_comm.o(.bss) for .bss
    task_module_comm.o(i.Module_Comm_Lock) refers to main.o(.bss) for g_stGlobeOps
    task_module_comm.o(i.Module_Comm_Unlock) refers to task_module_comm.o(.bss) for .bss
    task_module_comm.o(i.Module_Comm_Unlock) refers to main.o(.bss) for g_stGlobeOps
    task_module_comm.o(i.Module_Sem_Pend) refers to task_module_comm.o(.bss) for .bss
    task_module_comm.o(i.Module_Sem_Pend) refers to main.o(.bss) for g_stGlobeOps
    task_module_comm.o(i.Module_Sem_Post) refers to task_module_comm.o(.bss) for .bss
    task_module_comm.o(i.Module_Sem_Post) refers to main.o(.bss) for g_stGlobeOps
    task_module_comm.o(i.Task_Module_Comm) refers to task_module_comm.o(i.Task_Module_Comm_Init) for Task_Module_Comm_Init
    task_module_comm.o(i.Task_Module_Comm) refers to task_module_comm.o(i.Module_Sem_Pend) for Module_Sem_Pend
    task_module_comm.o(i.Task_Module_Comm) refers to main.o(.bss) for g_stGlobeOps
    task_module_comm.o(i.Task_Module_Comm) refers to task_module_comm.o(.bss) for .bss
    task_module_comm.o(i.Task_Module_Comm_Create) refers to dbg_log.o(i.DbgLog) for DbgLog
    task_module_comm.o(i.Task_Module_Comm_Create) refers to os_task.o(i.OSTaskCreate) for OSTaskCreate
    task_module_comm.o(i.Task_Module_Comm_Create) refers to main.o(.bss) for g_stGlobeOps
    task_module_comm.o(i.Task_Module_Comm_Create) refers to task_module_comm.o(.constdata) for .constdata
    task_module_comm.o(i.Task_Module_Comm_Create) refers to task_module_comm.o(.bss) for .bss
    task_module_comm.o(i.Task_Module_Comm_Create) refers to task_module_comm.o(i.Task_Module_Comm) for Task_Module_Comm
    task_module_comm.o(i.Task_Module_Comm_Init) refers to dbg_log.o(i.DbgLog) for DbgLog
    task_module_comm.o(i.Task_Module_Comm_Init) refers to task_module_comm.o(.constdata) for .constdata
    task_module_comm.o(i.Task_Module_Comm_Init) refers to main.o(.bss) for g_stGlobeOps
    task_module_comm.o(i.Task_Module_Comm_Init) refers to task_module_comm.o(.bss) for .bss
    task_module_comm.o(task.item.1) refers to task_module_comm.o(i.Task_Module_Comm_Create) for Task_Module_Comm_Create
    telnet.o(i.Find_Telnet_Next_Cmd) refers to strlen.o(.text) for strlen
    telnet.o(i.Find_Telnet_Next_Cmd) refers to memcpya.o(.text) for __aeabi_memcpy
    telnet.o(i.Find_Telnet_Next_Cmd) refers to telnet.o(.bss) for .bss
    telnet.o(i.Find_Telnet_Prev_Cmd) refers to strlen.o(.text) for strlen
    telnet.o(i.Find_Telnet_Prev_Cmd) refers to memcpya.o(.text) for __aeabi_memcpy
    telnet.o(i.Find_Telnet_Prev_Cmd) refers to telnet.o(.bss) for .bss
    telnet.o(i.Insert_Telnet_Cmd) refers to strlen.o(.text) for strlen
    telnet.o(i.Insert_Telnet_Cmd) refers to memcmp.o(.text) for memcmp
    telnet.o(i.Insert_Telnet_Cmd) refers to memseta.o(.text) for __aeabi_memclr
    telnet.o(i.Insert_Telnet_Cmd) refers to memcpya.o(.text) for __aeabi_memcpy
    telnet.o(i.Insert_Telnet_Cmd) refers to telnet.o(.bss) for .bss
    telnet.o(i.List_Telnet_Cmd_Cache) refers to telnet.o(.bss) for .bss
    telnet.o(i.Telnet_Delete_Remote_Cmdline) refers to printfa.o(i.__0sprintf) for __2sprintf
    telnet.o(i.Telnet_Delete_Remote_Cmdline) refers to tcp_out.o(i.tcp_write) for tcp_write
    telnet.o(i.Telnet_Delete_Remote_Cmdline) refers to tcp_out.o(i.tcp_output) for tcp_output
    telnet.o(i.Telnet_Delete_Remote_Cmdline) refers to telnet.o(.bss) for .bss
[...]
    0x0801657e   0x0801657e   0x00000002   PAD
    0x08016580   0x08016580   0x00000018   Code   RO        12029    i.OS_TaskReturn     os_task.o
    0x08016598   0x08016598   0x000000d4   Code   RO        12030    i.OS_TaskSemPost    os_task.o
    0x0801666c   0x0801666c   0x000000e0   Code   RO        12031    i.OS_TaskSuspend    os_task.o
    0x0801674c   0x0801674c   0x00000078   Code   RO        12173    i.OS_TickListInsert  os_tick.o
    0x080167c4   0x080167c4   0x0000008c   Code   RO        12174    i.OS_TickListInsertDly  os_tick.o
    0x08016850   0x08016850   0x00000052   Code   RO        12175    i.OS_TickListRemove  os_tick.o
    0x080168a2   0x080168a2   0x00000002   PAD
    0x080168a4   0x080168a4   0x00000080   Code   RO        12176    i.OS_TickListUpdateDly  os_tick.o
    0x08016924   0x08016924   0x000000ec   Code   RO        12177    i.OS_TickListUpdateTimeout  os_tick.o
    0x08016a10   0x08016a10   0x00000054   Code   RO        12178    i.OS_TickTask       os_tick.o
    0x08016a64   0x08016a64   0x000000b8   Code   RO        12179    i.OS_TickTaskInit   os_tick.o
    0x08016b1c   0x08016b1c   0x00000120   Code   RO        12264    i.OS_TmrInit        os_tmr.o
    0x08016c3c   0x08016c3c   0x00000018   Code   RO        12265    i.OS_TmrLock        os_tmr.o
    0x08016c54   0x08016c54   0x0000008c   Code   RO        12266    i.OS_TmrTask        os_tmr.o
    0x08016ce0   0x08016ce0   0x0000003c   Code   RO        12267    i.OS_TmrUnlink      os_tmr.o
    0x08016d1c   0x08016d1c   0x00000014   Code   RO        12268    i.OS_TmrUnlock      os_tmr.o
    0x08016d30   0x08016d30   0x00000020   Code   RO         1609    i.Period_Hook       sys_module.o
    0x08016d50   0x08016d50   0x00000012   Code   RO         3502    i.RTC_Bcd2ToByte    bsp_rtc.o
    0x08016d62   0x08016d62   0x00000018   Code   RO         3503    i.RTC_ByteToBcd2    bsp_rtc.o
    0x08016d7a   0x08016d7a   0x00000002   PAD
    0x08016d7c   0x08016d7c   0x00000038   Code   RO         3504    i.RTC_Pre_Config    bsp_rtc.o
    0x08016db4   0x08016db4   0x00000068   Code   RO         3505    i.RTC_Setup         bsp_rtc.o
    0x08016e1c   0x08016e1c   0x00000030   Code   RO         2717    i.RTC_WKUP_IRQHandler  gd32f4xx_it.o
    0x08016e4c   0x08016e4c   0x0000001c   Code   RO         1548    i.Ringbuff_GetFreeSize  sys_ringbuff.o
    0x08016e68   0x08016e68   0x00000016   Code   RO         1549    i.Ringbuff_GetUsedSize  sys_ringbuff.o
    0x08016e7e   0x08016e7e   0x0000000e   Code   RO         1550    i.Ringbuff_Init     sys_ringbuff.o
    0x08016e8c   0x08016e8c   0x00000038   Code   RO         1552    i.Ringbuff_Pop      sys_ringbuff.o
    0x08016ec4   0x08016ec4   0x00000078   Code   RO         1553    i.Ringbuff_Push     sys_ringbuff.o
    0x08016f3c   0x08016f3c   0x000000b4   Code   RO         1368    i.Sem_Create        sys_sem.o
    0x08016ff0   0x08016ff0   0x00000048   Code   RO         1369    i.Sem_Delete        sys_sem.o
    0x08017038   0x08017038   0x0000003c   Code   RO         1370    i.Sem_Init          sys_sem.o
    0x08017074   0x08017074   0x00000038   Code   RO         1371    i.Sem_Pend          sys_sem.o
    0x080170ac   0x080170ac   0x00000034   Code   RO         1372    i.Sem_Post          sys_sem.o
    0x080170e0   0x080170e0   0x0000003c   Code   RO         2718    i.SysTick_Handler   gd32f4xx_it.o
    0x0801711c   0x0801711c   0x0000004a   Code   RO         1472    i.SysTimer_DiffLocalTime  sys_timer.o
    0x08017166   0x08017166   0x0000003e   Code   RO         1473    i.SysTimer_DiffRunTime  sys_timer.o
    0x080171a4   0x080171a4   0x00000018   Code   RO         1474    i.SysTimer_GetLocalTime  sys_timer.o
    0x080171bc   0x080171bc   0x00000018   Code   RO         1475    i.SysTimer_GetRunTime  sys_timer.o
    0x080171d4   0x080171d4   0x00000060   Code   RO         1476    i.SysTimer_Init     sys_timer.o
    0x08017234   0x08017234   0x00000004   Code   RO         1477    i.SysTimer_ResetReason  sys_timer.o
    0x08017238   0x08017238   0x00000078   Code   RO         1478    i.SysTimer_SetLocalTime  sys_timer.o
    0x080172b0   0x080172b0   0x00000030   Code   RO         1479    i.SysTimer_Sleep    sys_timer.o
    0x080172e0   0x080172e0   0x00000024   Code   RO         1480    i.SysTimer_UpdateTime  sys_timer.o
    0x08017304   0x08017304   0x00000034   Code   RO         1481    i.SysTimer_UpdateTimeMs  sys_timer.o
    0x08017338   0x08017338   0x0000002c   Code   RO         1244    i.Sys_Delay_Reset   sys_base.o
    0x08017364   0x08017364   0x00000028   Code   RO         1249    i.Sys_ModuleReset   sys_base.o
    0x0801738c   0x0801738c   0x00000020   Code   RO         1250    i.Sys_ModuleResetInit  sys_base.o
    0x080173ac   0x080173ac   0x0000002c   Code   RO         1251    i.Sys_RecoveryBtnInit  sys_base.o
    0x080173d8   0x080173d8   0x00000054   Code   RO         1252    i.Sys_RecoveryBtnLongPressHandler  sys_base.o
    0x0801742c   0x0801742c   0x0000013c   Code   RO         1253    i.Sys_State_Task    sys_base.o
    0x08017568   0x08017568   0x00000002   Code   RO         1254    i.Sys_SystemLedInit  sys_base.o
    0x0801756a   0x0801756a   0x00000002   PAD
    0x0801756c   0x0801756c   0x00000020   Code   RO         1255    i.Sys_WdtFeed       sys_base.o
    0x0801758c   0x0801758c   0x00000020   Code   RO         1256    i.Sys_WdtFeedInit   sys_base.o
    0x080175ac   0x080175ac   0x00000002   Code   RO         5839    i.SystemInit        system_gd32f4xx.o
    0x080175ae   0x080175ae   0x00000002   PAD
    0x080175b0   0x080175b0   0x00000020   Code   RO         1610    i.Task_Init         sys_module.o
    0x080175d0   0x080175d0   0x0000005c   Code   RO          380    i.Task_Module_Comm  task_module_comm.o
    0x0801762c   0x0801762c   0x0000009c   Code   RO          381    i.Task_Module_Comm_Create  task_module_comm.o
    0x080176c8   0x080176c8   0x000000c4   Code   RO          382    i.Task_Module_Comm_Init  task_module_comm.o
    0x0801778c   0x0801778c   0x0000000c   Code   RO         2306    i.TcpClientBuff_GetFreeSize  tcpclientbuff.o
    0x08017798   0x08017798   0x00000014   Code   RO         2307    i.TcpClientBuff_Init  tcpclientbuff.o
    0x080177ac   0x080177ac   0x0000000c   Code   RO         2308    i.TcpClientBuff_Pop  tcpclientbuff.o
    0x080177b8   0x080177b8   0x0000000c   Code   RO         2309    i.TcpClientBuff_Push  tcpclientbuff.o
    0x080177c4   0x080177c4   0x0000000c   Code   RO         1808    i.TcpServerBuff_GetFreeSize  tcpserverbuff.o
    0x080177d0   0x080177d0   0x00000014   Code   RO         1809    i.TcpServerBuff_Init  tcpserverbuff.o
    0x080177e4   0x080177e4   0x0000000c   Code   RO         1810    i.TcpServerBuff_Pop  tcpserverbuff.o
    0x080177f0   0x080177f0   0x0000000c   Code   RO         1811    i.TcpServerBuff_Push  tcpserverbuff.o
    0x080177fc   0x080177fc   0x0000004c   Code   RO          497    i.Telnet_Delete_Remote_Cmdline  telnet.o
    0x08017848   0x08017848   0x000000a4   Code   RO          498    i.Telnet_Display_Cmd_Prompt  telnet.o
    0x080178ec   0x080178ec   0x000000ac   Code   RO          499    i.Telnet_Init       telnet.o
    0x08017998   0x08017998   0x0000002c   Code   RO         2719    i.UART3_IRQHandler  gd32f4xx_it.o
    0x080179c4   0x080179c4   0x0000002c   Code   RO         2720    i.UART6_IRQHandler  gd32f4xx_it.o
    0x080179f0   0x080179f0   0x0000002c   Code   RO         2721    i.UART7_IRQHandler  gd32f4xx_it.o
    0x08017a1c   0x08017a1c   0x0000002c   Code   RO         2722    i.USART0_IRQHandler  gd32f4xx_it.o
    0x08017a48   0x08017a48   0x0000002c   Code   RO         2723    i.USART1_IRQHandler  gd32f4xx_it.o
    0x08017a74   0x08017a74   0x0000002c   Code   RO         2724    i.USART2_IRQHandler  gd32f4xx_it.o
    0x08017aa0   0x08017aa0   0x00000030   Code   RO         2725    i.USART5_IRQHandler  gd32f4xx_it.o
    0x08017ad0   0x08017ad0   0x0000000c   Code   RO         2402    i.UdpBuff_GetFreeSize  udpbuff.o
    0x08017adc   0x08017adc   0x00000014   Code   RO         2403    i.UdpBuff_Init      udpbuff.o
    0x08017af0   0x08017af0   0x0000000c   Code   RO         2404    i.UdpBuff_Pop       udpbuff.o
    0x08017afc   0x08017afc   0x0000000c   Code   RO         2405    i.UdpBuff_Push      udpbuff.o
    0x08017b08   0x08017b08   0x0000000c   Code   RO         1904    i.UdpGroupBuff_GetFreeSize  udpgroupbuff.o
    0x08017b14   0x08017b14   0x00000014   Code   RO         1905    i.UdpGroupBuff_Init  udpgroupbuff.o
    0x08017b28   0x08017b28   0x0000000c   Code   RO         1906    i.UdpGroupBuff_Pop  udpgroupbuff.o
    0x08017b34   0x08017b34   0x0000000c   Code   RO         1907    i.UdpGroupBuff_Push  udpgroupbuff.o
    0x08017b40   0x08017b40   0x0000000c   Code   RO         1908    i.UdpGroupSendBuff_GetFreeSize  udpgroupbuff.o
    0x08017b4c   0x08017b4c   0x0000000c   Code   RO         1909    i.UdpGroupSendBuff_GetUsedSize  udpgroupbuff.o
    0x08017b58   0x08017b58   0x00000014   Code   RO         1910    i.UdpGroupSendBuff_Init  udpgroupbuff.o
    0x08017b6c   0x08017b6c   0x0000000c   Code   RO         1911    i.UdpGroupSendBuff_Pop  udpgroupbuff.o
    0x08017b78   0x08017b78   0x0000000c   Code   RO         1912    i.UdpGroupSendBuff_Push  udpgroupbuff.o
    0x08017b84   0x08017b84   0x00000064   Code   RO         1143    i.Upgrade_Flash_If_Init  api_upgrade.o
    0x08017be8   0x08017be8   0x00000024   Code   RO         2726    i.UsageFault_Handler  gd32f4xx_it.o
    0x08017c0c   0x08017c0c   0x00000020   Code   RO        13584    i.__0printf         mc_w.l(printfa.o)
    0x08017c2c   0x08017c2c   0x00000028   Code   RO        13586    i.__0sprintf        mc_w.l(printfa.o)
    0x08017c54   0x08017c54   0x00000010   Code   RO        13588    i.__0vprintf        mc_w.l(printfa.o)
    0x08017c64   0x08017c64   0x00000024   Code   RO        13590    i.__0vsprintf       mc_w.l(printfa.o)
    0x08017c88   0x08017c88   0x0000000e   Code   RO        13668    i.__scatterload_copy  mc_w.l(handlers.o)
    0x08017c96   0x08017c96   0x00000002   Code   RO        13669    i.__scatterload_null  mc_w.l(handlers.o)
    0x08017c98   0x08017c98   0x0000000e   Code   RO        13670    i.__scatterload_zeroinit  mc_w.l(handlers.o)
    0x08017ca6   0x08017ca6   0x00000002   PAD
    0x08017ca8   0x08017ca8   0x00000184   Code   RO        13591    i._fp_digits        mc_w.l(printfa.o)
    0x08017e2c   0x08017e2c   0x000006b4   Code   RO        13592    i._printf_core      mc_w.l(printfa.o)
    0x080184e0   0x080184e0   0x00000024   Code   RO        13593    i._printf_post_padding  mc_w.l(printfa.o)
    0x08018504   0x08018504   0x0000002e   Code   RO        13594    i._printf_pre_padding  mc_w.l(printfa.o)
    0x08018532   0x08018532   0x0000000a   Code   RO        13596    i._sputc            mc_w.l(printfa.o)
    0x0801853c   0x0801853c   0x0000011c   Code   RO         3107    i.can0_config       bsp_can.o
    0x08018658   0x08018658   0x00000068   Code   RO         3108    i.can0_gpio_config  bsp_can.o
    0x080186c0   0x080186c0   0x00000034   Code   RO         6169    i.can_deinit        gd32f4xx_can.o
    0x080186f4   0x080186f4   0x000000d8   Code   RO         6172    i.can_filter_init   gd32f4xx_can.o
    0x080187cc   0x080187cc   0x00000118   Code   RO         6175    i.can_init          gd32f4xx_can.o
    0x080188e4   0x080188e4   0x00000008   Code   RO         6177    i.can_interrupt_enable  gd32f4xx_can.o
    0x080188ec   0x080188ec   0x00000082   Code   RO         6180    i.can_message_receive  gd32f4xx_can.o
    0x0801896e   0x0801896e   0x000000ba   Code   RO         6181    i.can_message_transmit  gd32f4xx_can.o
    0x08018a28   0x08018a28   0x0000002a   Code   RO         6186    i.can_transmission_stop  gd32f4xx_can.o
    0x08018a52   0x08018a52   0x00000002   PAD
    0x08018a54   0x08018a54   0x00000074   Code   RO         6188    i.can_transmit_states  gd32f4xx_can.o
    0x08018ac8   0x08018ac8   0x00000074   Code   RO          660    i.cmd_call          cli_cmd.o
    0x08018b3c   0x08018b3c   0x000000c0   Code   RO          661    i.cmd_parse_info    cli_cmd.o
    0x08018bfc   0x08018bfc   0x00000118   Code   RO          662    i.cmd_usage         cli_cmd.o
    0x08018d14   0x08018d14   0x000001d8   Code   RO          663    i.debug_process     cli_cmd.o
    0x08018eec   0x08018eec   0x0000011c   Code   RO          756    i.debug_uart_cmd_process  console_uart.o
    0x08019008   0x08019008   0x00000028   Code   RO          757    i.debug_uart_data_send  console_uart.o
    0x08019030   0x08019030   0x00000738   Code   RO          758    i.debug_uart_recv   console_uart.o
    0x08019768   0x08019768   0x0000001e   Code   RO         3951    i.dhcp_arp_reply    dhcp.o
    0x08019786   0x08019786   0x00000002   PAD
    0x08019788   0x08019788   0x00000120   Code   RO         3956    i.dhcp_create_msg   dhcp.o
    0x080198a8   0x080198a8   0x00000078   Code   RO         3957    i.dhcp_decline      dhcp.o
    0x08019920   0x08019920   0x00000018   Code   RO         3958    i.dhcp_delete_msg   dhcp.o
    0x08019938   0x08019938   0x0000001c   Code   RO         3966    i.dhcp_option       dhcp.o
    0x08019954   0x08019954   0x0000000e   Code   RO         3967    i.dhcp_option_byte  dhcp.o
    0x08019962   0x08019962   0x0000003a   Code   RO         3968    i.dhcp_option_long  dhcp.o
    0x0801999c   0x0801999c   0x00000030   Code   RO         3970    i.dhcp_option_trailer  dhcp.o
    0x080199cc   0x080199cc   0x00000010   Code   RO         3978    i.dhcp_set_state    dhcp.o
    0x080199dc   0x080199dc   0x00000012   Code   RO         6946    i.dma_channel_disable  gd32f4xx_dma.o
    0x080199ee   0x080199ee   0x00000012   Code   RO         6947    i.dma_channel_enable  gd32f4xx_dma.o
    0x08019a00   0x08019a00   0x00000016   Code   RO         6948    i.dma_channel_subperipheral_select  gd32f4xx_dma.o
    0x08019a16   0x08019a16   0x00000012   Code   RO         6949    i.dma_circulation_disable  gd32f4xx_dma.o
    0x08019a28   0x08019a28   0x00000012   Code   RO         6950    i.dma_circulation_enable  gd32f4xx_dma.o
    0x08019a3a   0x08019a3a   0x00000056   Code   RO         6951    i.dma_deinit        gd32f4xx_dma.o
    0x08019a90   0x08019a90   0x0000001e   Code   RO         6957    i.dma_interrupt_enable  gd32f4xx_dma.o
    0x08019aae   0x08019aae   0x00000036   Code   RO         6958    i.dma_interrupt_flag_clear  gd32f4xx_dma.o
    0x08019ae4   0x08019ae4   0x00000102   Code   RO         6959    i.dma_interrupt_flag_get  gd32f4xx_dma.o
    0x08019be6   0x08019be6   0x00000014   Code   RO         6960    i.dma_memory_address_config  gd32f4xx_dma.o
    0x08019bfa   0x08019bfa   0x00000002   PAD
    0x08019bfc   0x08019bfc   0x00000098   Code   RO         6970    i.dma_single_data_mode_init  gd32f4xx_dma.o
    0x08019c94   0x08019c94   0x0000000c   Code   RO         6974    i.dma_transfer_number_config  gd32f4xx_dma.o
    0x08019ca0   0x08019ca0   0x0000000c   Code   RO         6975    i.dma_transfer_number_get  gd32f4xx_dma.o
    0x08019cac   0x08019cac   0x00000014   Code   RO         4189    i.dns_check_entries  dns.o
    0x08019cc0   0x08019cc0   0x000000c4   Code   RO         4190    i.dns_check_entry   dns.o
    0x08019d84   0x08019d84   0x000000b8   Code   RO         4199    i.dns_send          dns.o
    0x08019e3c   0x08019e3c   0x00000014   Code   RO         4201    i.dns_tmr           dns.o
    0x08019e50   0x08019e50   0x00000058   Code   RO         7151    i.enet_default_init  gd32f4xx_enet.o
    0x08019ea8   0x08019ea8   0x0000001a   Code   RO         7152    i.enet_deinit       gd32f4xx_enet.o
    0x08019ec2   0x08019ec2   0x0000000a   Code   RO         7153    i.enet_delay        gd32f4xx_enet.o
    0x08019ecc   0x08019ecc   0x00000050   Code   RO         7157    i.enet_desc_information_get  gd32f4xx_enet.o
    0x08019f1c   0x08019f1c   0x00000094   Code   RO         7159    i.enet_descriptors_chain_init  gd32f4xx_enet.o
    0x08019fb0   0x08019fb0   0x0000000e   Code   RO         7166    i.enet_enable       gd32f4xx_enet.o
    0x08019fbe   0x08019fbe   0x00000002   PAD
    0x08019fc0   0x08019fc0   0x00000098   Code   RO         7176    i.enet_frame_receive  gd32f4xx_enet.o
    0x0801a058   0x0801a058   0x00000088   Code   RO         7177    i.enet_frame_transmit  gd32f4xx_enet.o
    0x0801a0e0   0x0801a0e0   0x000001c8   Code   RO         2918    i.enet_gpio_config  bsp_enet.o
    0x0801a2a8   0x0801a2a8   0x00000260   Code   RO         7178    i.enet_init         gd32f4xx_enet.o
    0x0801a508   0x0801a508   0x00000028   Code   RO         7180    i.enet_initpara_reset  gd32f4xx_enet.o
    0x0801a530   0x0801a530   0x0000002c   Code   RO         7186    i.enet_mac_address_set  gd32f4xx_enet.o
    0x0801a55c   0x0801a55c   0x00000088   Code   RO         2919    i.enet_mac_dma_config  bsp_enet.o
    0x0801a5e4   0x0801a5e4   0x000000d4   Code   RO         7196    i.enet_phy_config   gd32f4xx_enet.o
    0x0801a6b8   0x0801a6b8   0x00000060   Code   RO         7197    i.enet_phy_write_read  gd32f4xx_enet.o
    0x0801a718   0x0801a718   0x0000000a   Code   RO         7215    i.enet_rx_desc_immediate_receive_complete_interrupt  gd32f4xx_enet.o
    0x0801a722   0x0801a722   0x00000002   PAD
    0x0801a724   0x0801a724   0x00000020   Code   RO         7217    i.enet_rx_enable    gd32f4xx_enet.o
    0x0801a744   0x0801a744   0x00000064   Code   RO         7218    i.enet_rxframe_drop  gd32f4xx_enet.o
    0x0801a7a8   0x0801a7a8   0x00000054   Code   RO         7219    i.enet_rxframe_size_get  gd32f4xx_enet.o
    0x0801a7fc   0x0801a7fc   0x00000034   Code   RO         7221    i.enet_software_reset  gd32f4xx_enet.o
    0x0801a830   0x0801a830   0x0000002c   Code   RO         2920    i.enet_system_setup  bsp_enet.o
    0x0801a85c   0x0801a85c   0x0000000c   Code   RO         7222    i.enet_transmit_checksum_config  gd32f4xx_enet.o
    0x0801a868   0x0801a868   0x00000024   Code   RO         7224    i.enet_tx_enable    gd32f4xx_enet.o
    0x0801a88c   0x0801a88c   0x00000030   Code   RO         7225    i.enet_txfifo_flush  gd32f4xx_enet.o
    0x0801a8bc   0x0801a8bc   0x000000f4   Code   RO         5745    i.etharp_arp_input  etharp.o
    0x0801a9b0   0x0801a9b0   0x000000f8   Code   RO         5748    i.etharp_find_entry  etharp.o
    0x0801aaa8   0x0801aaa8   0x00000028   Code   RO         5749    i.etharp_free_entry  etharp.o
    0x0801aad0   0x0801aad0   0x00000108   Code   RO         5750    i.etharp_output     etharp.o
    0x0801abd8   0x0801abd8   0x00000044   Code   RO         5751    i.etharp_output_to_arp_index  etharp.o
    0x0801ac1c   0x0801ac1c   0x00000100   Code   RO         5752    i.etharp_query      etharp.o
    0x0801ad1c   0x0801ad1c   0x000000a4   Code   RO         5753    i.etharp_raw        etharp.o
    0x0801adc0   0x0801adc0   0x00000024   Code   RO         5754    i.etharp_request    etharp.o
    0x0801ade4   0x0801ade4   0x00000020   Code   RO         5755    i.etharp_send_ip    etharp.o
    0x0801ae04   0x0801ae04   0x00000044   Code   RO         5756    i.etharp_tmr        etharp.o
    0x0801ae48   0x0801ae48   0x00000080   Code   RO         5757    i.etharp_update_arp_entry  etharp.o
    0x0801aec8   0x0801aec8   0x00000094   Code   RO         5758    i.ethernet_input    etharp.o
    0x0801af5c   0x0801af5c   0x00000028   Code   RO         3801    i.ethernetif_init   ethernetif.o
    0x0801af84   0x0801af84   0x0000002a   Code   RO         3802    i.ethernetif_input  ethernetif.o
    0x0801afae   0x0801afae   0x00000002   PAD
    0x0801afb0   0x0801afb0   0x0000000c   Code   RO         7954    i.exti_flag_clear   gd32f4xx_exti.o
    0x0801afbc   0x0801afbc   0x00000074   Code   RO         7956    i.exti_init         gd32f4xx_exti.o
    0x0801b030   0x0801b030   0x0000000c   Code   RO         7959    i.exti_interrupt_flag_clear  gd32f4xx_exti.o
    0x0801b03c   0x0801b03c   0x00000020   Code   RO         7960    i.exti_interrupt_flag_get  gd32f4xx_exti.o
    0x0801b05c   0x0801b05c   0x00000080   Code   RO          664    i.find_cmd          cli_cmd.o
    0x0801b0dc   0x0801b0dc   0x0000000c   Code   RO         8040    i.fmc_flag_clear    gd32f4xx_fmc.o
    0x0801b0e8   0x0801b0e8   0x00000010   Code   RO         8045    i.fmc_lock          gd32f4xx_fmc.o
    0x0801b0f8   0x0801b0f8   0x0000000c   Code   RO         8047    i.fmc_ready_wait    gd32f4xx_fmc.o
    0x0801b104   0x0801b104   0x00000044   Code   RO         8048    i.fmc_sector_erase  gd32f4xx_fmc.o
    0x0801b148   0x0801b148   0x0000003c   Code   RO         8049    i.fmc_state_get     gd32f4xx_fmc.o
    0x0801b184   0x0801b184   0x00000024   Code   RO         8050    i.fmc_unlock        gd32f4xx_fmc.o
    0x0801b1a8   0x0801b1a8   0x0000003c   Code   RO         8051    i.fmc_word_program  gd32f4xx_fmc.o
    0x0801b1e4   0x0801b1e4   0x0000001c   Code   RO         3213    i.fputc             bsp_uart.o
    0x0801b200   0x0801b200   0x00000064   Code   RO         8329    i.gpio_af_set       gd32f4xx_gpio.o
    0x0801b264   0x0801b264   0x0000000e   Code   RO         8335    i.gpio_input_bit_get  gd32f4xx_gpio.o
    0x0801b272   0x0801b272   0x00000048   Code   RO         8337    i.gpio_mode_set     gd32f4xx_gpio.o
    0x0801b2ba   0x0801b2ba   0x00000046   Code   RO         8339    i.gpio_output_options_set  gd32f4xx_gpio.o
    0x0801b300   0x0801b300   0x00000188   Code   RO         2727    i.hard_fault_handler_c  gd32f4xx_it.o
    0x0801b488   0x0801b488   0x00000008   Code   RO         5397    i.icmp_dest_unreach  icmp.o
    0x0801b490   0x0801b490   0x00000140   Code   RO         5398    i.icmp_input        icmp.o
    0x0801b5d0   0x0801b5d0   0x0000001c   Code   RO          501    i.icmp_pcb_init     telnet.o
    0x0801b5ec   0x0801b5ec   0x00000066   Code   RO         5399    i.icmp_send_response  icmp.o
    0x0801b652   0x0801b652   0x00000008   Code   RO         5400    i.icmp_time_exceeded  icmp.o
    0x0801b65a   0x0801b65a   0x00000022   Code   RO         5426    i.igmp_delaying_member  igmp.o
    0x0801b67c   0x0801b67c   0x000000e8   Code   RO         5428    i.igmp_input        igmp.o
    0x0801b764   0x0801b764   0x0000002c   Code   RO         5429    i.igmp_ip_output_if  igmp.o
    0x0801b790   0x0801b790   0x00000098   Code   RO         5430    i.igmp_joingroup    igmp.o
    0x0801b828   0x0801b828   0x00000024   Code   RO         5432    i.igmp_lookfor_group  igmp.o
    0x0801b84c   0x0801b84c   0x00000084   Code   RO         5433    i.igmp_lookup_group  igmp.o
    0x0801b8d0   0x0801b8d0   0x00000024   Code   RO         5435    i.igmp_report_groups  igmp.o
    0x0801b8f4   0x0801b8f4   0x00000084   Code   RO         5436    i.igmp_send         igmp.o
    0x0801b978   0x0801b978   0x00000034   Code   RO         5437    i.igmp_start        igmp.o
    0x0801b9ac   0x0801b9ac   0x0000000c   Code   RO         5438    i.igmp_start_timer  igmp.o
    0x0801b9b8   0x0801b9b8   0x0000000e   Code   RO         5440    i.igmp_timeout      igmp.o
    0x0801b9c6   0x0801b9c6   0x00000002   PAD
    0x0801b9c8   0x0801b9c8   0x00000028   Code   RO         5441    i.igmp_tmr          igmp.o
    0x0801b9f0   0x0801b9f0   0x0000000c   Code   RO         5539    i.inet_chksum       inet_chksum.o
    0x0801b9fc   0x0801b9fc   0x00000048   Code   RO         5540    i.inet_chksum_pbuf  inet_chksum.o
    0x0801ba44   0x0801ba44   0x00000040   Code   RO         5622    i.ip4_addr_isbroadcast  ip_addr.o
    0x0801ba84   0x0801ba84   0x0000018c   Code   RO         5676    i.ip_frag           ip_frag.o
    0x0801bc10   0x0801bc10   0x0000004c   Code   RO         5677    i.ip_frag_alloc_pbuf_custom_ref  ip_frag.o
    0x0801bc5c   0x0801bc5c   0x00000008   Code   RO         5678    i.ip_frag_free_pbuf_custom_ref  ip_frag.o
    0x0801bc64   0x0801bc64   0x000001d0   Code   RO         5577    i.ip_input          ip.o
    0x0801be34   0x0801be34   0x00000034   Code   RO         5578    i.ip_output         ip.o
    0x0801be68   0x0801be68   0x0000001e   Code   RO         5579    i.ip_output_if      ip.o
    0x0801be86   0x0801be86   0x00000002   PAD
    0x0801be88   0x0801be88   0x000000f8   Code   RO         5580    i.ip_output_if_opt  ip.o
    0x0801bf80   0x0801bf80   0x00000170   Code   RO         5679    i.ip_reass          ip_frag.o
    0x0801c0f0   0x0801c0f0   0x000000f4   Code   RO         5680    i.ip_reass_chain_frag_into_datagram_and_validate  ip_frag.o
    0x0801c1e4   0x0801c1e4   0x00000024   Code   RO         5681    i.ip_reass_dequeue_datagram  ip_frag.o
    0x0801c208   0x0801c208   0x000000a0   Code   RO         5682    i.ip_reass_enqueue_new_datagram  ip_frag.o
    0x0801c2a8   0x0801c2a8   0x00000074   Code   RO         5683    i.ip_reass_free_complete_datagram  ip_frag.o
    0x0801c31c   0x0801c31c   0x00000074   Code   RO         5684    i.ip_reass_remove_oldest_datagram  ip_frag.o
    0x0801c390   0x0801c390   0x00000040   Code   RO         5581    i.ip_route          ip.o
    0x0801c3d0   0x0801c3d0   0x0000000c   Code   RO         5626    i.ipaddr_ntoa       ip_addr.o
    0x0801c3dc   0x0801c3dc   0x00000086   Code   RO         5627    i.ipaddr_ntoa_r     ip_addr.o
    0x0801c462   0x0801c462   0x00000018   Code   RO         5686    i.ipfrag_free_pbuf_custom  ip_frag.o
    0x0801c47a   0x0801c47a   0x00000002   PAD
    0x0801c47c   0x0801c47c   0x00000148   Code   RO         1971    i.llif_can_Init     llif_can.o
    0x0801c5c4   0x0801c5c4   0x0000005c   Code   RO         1972    i.llif_can_close    llif_can.o
    0x0801c620   0x0801c620   0x00000050   Code   RO         1973    i.llif_can_deinit   llif_can.o
    0x0801c670   0x0801c670   0x000000c0   Code   RO         1974    i.llif_can_open     llif_can.o
    0x0801c730   0x0801c730   0x00000040   Code   RO         1975    i.llif_can_read     llif_can.o
    0x0801c770   0x0801c770   0x0000012c   Code   RO         1976    i.llif_can_write    llif_can.o
    0x0801c89c   0x0801c89c   0x0000011c   Code   RO         2130    i.llif_gpio_Init    llif_gpio.o
    0x0801c9b8   0x0801c9b8   0x00000048   Code   RO         2131    i.llif_gpio_close   llif_gpio.o
    0x0801ca00   0x0801ca00   0x00000054   Code   RO         2132    i.llif_gpio_deinit  llif_gpio.o
    0x0801ca54   0x0801ca54   0x00000048   Code   RO         2133    i.llif_gpio_open    llif_gpio.o
    0x0801ca9c   0x0801ca9c   0x0000002c   Code   RO         2134    i.llif_gpio_read    llif_gpio.o
    0x0801cac8   0x0801cac8   0x00000040   Code   RO         2135    i.llif_gpio_write   llif_gpio.o
    0x0801cb08   0x0801cb08   0x00000164   Code   RO         2071    i.llif_inter_flash_Init  llif_inter_flash.o
    0x0801cc6c   0x0801cc6c   0x00000064   Code   RO         2072    i.llif_inter_flash_close  llif_inter_flash.o
    0x0801ccd0   0x0801ccd0   0x00000058   Code   RO         2073    i.llif_inter_flash_deinit  llif_inter_flash.o
    0x0801cd28   0x0801cd28   0x000000e0   Code   RO         2074    i.llif_inter_flash_open  llif_inter_flash.o
    0x0801ce08   0x0801ce08   0x0000012c   Code   RO         2075    i.llif_inter_flash_read  llif_inter_flash.o
    0x0801cf34   0x0801cf34   0x000002f0   Code   RO         2076    i.llif_inter_flash_write  llif_inter_flash.o
    0x0801d224   0x0801d224   0x00000060   Code   RO         2247    i.llif_tcpclient_close  llif_tcpclient.o
    0x0801d284   0x0801d284   0x00000058   Code   RO         2248    i.llif_tcpclient_deinit  llif_tcpclient.o
    0x0801d2dc   0x0801d2dc   0x00000164   Code   RO         2249    i.llif_tcpclient_init  llif_tcpclient.o
    0x0801d440   0x0801d440   0x00000068   Code   RO         2250    i.llif_tcpclient_open  llif_tcpclient.o
    0x0801d4a8   0x0801d4a8   0x00000012   Code   RO         2251    i.llif_tcpclient_read  llif_tcpclient.o
    0x0801d4ba   0x0801d4ba   0x00000002   PAD
    0x0801d4bc   0x0801d4bc   0x00000044   Code   RO         2252    i.llif_tcpclient_write  llif_tcpclient.o
    0x0801d500   0x0801d500   0x00000060   Code   RO         1749    i.llif_tcpserver_close  llif_tcpserver.o
    0x0801d560   0x0801d560   0x00000058   Code   RO         1750    i.llif_tcpserver_deinit  llif_tcpserver.o
    0x0801d5b8   0x0801d5b8   0x00000168   Code   RO         1751    i.llif_tcpserver_init  llif_tcpserver.o
    0x0801d720   0x0801d720   0x00000070   Code   RO         1752    i.llif_tcpserver_open  llif_tcpserver.o
    0x0801d790   0x0801d790   0x00000012   Code   RO         1753    i.llif_tcpserver_read  llif_tcpserver.o
    0x0801d7a2   0x0801d7a2   0x00000002   PAD
    0x0801d7a4   0x0801d7a4   0x00000040   Code   RO         1754    i.llif_tcpserver_write  llif_tcpserver.o
    0x0801d7e4   0x0801d7e4   0x000000e0   Code   RO         2188    i.llif_uart_Init    llif_uart.o
    0x0801d8c4   0x0801d8c4   0x0000005c   Code   RO         2189    i.llif_uart_close   llif_uart.o
    0x0801d920   0x0801d920   0x00000054   Code   RO         2190    i.llif_uart_deinit  llif_uart.o
    0x0801d974   0x0801d974   0x00000108   Code   RO         2191    i.llif_uart_open    llif_uart.o
    0x0801da7c   0x0801da7c   0x00000028   Code   RO         2192    i.llif_uart_read    llif_uart.o
    0x0801daa4   0x0801daa4   0x00000040   Code   RO         2193    i.llif_uart_write   llif_uart.o
    0x0801dae4   0x0801dae4   0x00000060   Code   RO         2343    i.llif_udp_close    llif_udp.o
    0x0801db44   0x0801db44   0x00000058   Code   RO         2344    i.llif_udp_deinit   llif_udp.o
    0x0801db9c   0x0801db9c   0x00000160   Code   RO         2345    i.llif_udp_init     llif_udp.o
    0x0801dcfc   0x0801dcfc   0x00000070   Code   RO         2346    i.llif_udp_open     llif_udp.o
    0x0801dd6c   0x0801dd6c   0x00000012   Code   RO         2347    i.llif_udp_read     llif_udp.o
    0x0801dd7e   0x0801dd7e   0x00000002   PAD
    0x0801dd80   0x0801dd80   0x0000003c   Code   RO         2348    i.llif_udp_write    llif_udp.o
    0x0801ddbc   0x0801ddbc   0x00000060   Code   RO         1845    i.llif_udpgroup_close  llif_udpgroup.o
    0x0801de1c   0x0801de1c   0x00000058   Code   RO         1846    i.llif_udpgroup_deinit  llif_udpgroup.o
    0x0801de74   0x0801de74   0x00000160   Code   RO         1847    i.llif_udpgroup_init  llif_udpgroup.o
    0x0801dfd4   0x0801dfd4   0x00000070   Code   RO         1848    i.llif_udpgroup_open  llif_udpgroup.o
    0x0801e044   0x0801e044   0x00000012   Code   RO         1849    i.llif_udpgroup_read  llif_udpgroup.o
    0x0801e056   0x0801e056   0x00000002   PAD
    0x0801e058   0x0801e058   0x00000064   Code   RO         1850    i.llif_udpgroup_write  llif_udpgroup.o
    0x0801e0bc   0x0801e0bc   0x00000098   Code   RO         3803    i.low_level_init    ethernetif.o
    0x0801e154   0x0801e154   0x00000058   Code   RO         3804    i.low_level_input   ethernetif.o
    0x0801e1ac   0x0801e1ac   0x00000038   Code   RO         3805    i.low_level_output  ethernetif.o
    0x0801e1e4   0x0801e1e4   0x00000018   Code   RO         3918    i.lwip_htonl        def.o
    0x0801e1fc   0x0801e1fc   0x0000000a   Code   RO         3919    i.lwip_htons        def.o
    0x0801e206   0x0801e206   0x00000004   Code   RO         3920    i.lwip_ntohl        def.o
    0x0801e20a   0x0801e20a   0x00000004   Code   RO         3921    i.lwip_ntohs        def.o
    0x0801e20e   0x0801e20e   0x00000002   PAD
    0x0801e210   0x0801e210   0x0000005c   Code   RO         2441    i.lwip_periodic_handle  netconf.o
    0x0801e26c   0x0801e26c   0x0000000c   Code   RO         2442    i.lwip_pkt_handle   netconf.o
    0x0801e278   0x0801e278   0x00000094   Code   RO         2444    i.lwip_stack_init   netconf.o
    0x0801e30c   0x0801e30c   0x00000056   Code   RO         5543    i.lwip_standard_chksum  inet_chksum.o
    0x0801e362   0x0801e362   0x00000002   PAD
    0x0801e364   0x0801e364   0x00000074   Code   RO            4    i.main              main.o
    0x0801e3d8   0x0801e3d8   0x00000030   Code   RO          666    i.man               cli_cmd.o
    0x0801e408   0x0801e408   0x0000002c   Code   RO         4332    i.mem_free          mem.o
    0x0801e434   0x0801e434   0x00000034   Code   RO         4333    i.mem_init          mem.o
    0x0801e468   0x0801e468   0x000000b8   Code   RO         4334    i.mem_malloc        mem.o
    0x0801e520   0x0801e520   0x000000cc   Code   RO         4335    i.mem_trim          mem.o
    0x0801e5ec   0x0801e5ec   0x00000044   Code   RO         4418    i.memp_free         memp.o
    0x0801e630   0x0801e630   0x00000064   Code   RO         4419    i.memp_init         memp.o
    0x0801e694   0x0801e694   0x00000034   Code   RO         4420    i.memp_malloc_fn    memp.o
    0x0801e6c8   0x0801e6c8   0x00000078   Code   RO         4421    i.memp_overflow_check_all  memp.o
    0x0801e740   0x0801e740   0x0000006c   Code   RO         4422    i.memp_overflow_check_element_overflow  memp.o
    0x0801e7ac   0x0801e7ac   0x00000064   Code   RO         4423    i.memp_overflow_check_element_underflow  memp.o
    0x0801e810   0x0801e810   0x00000060   Code   RO         4424    i.memp_overflow_init  memp.o
    0x0801e870   0x0801e870   0x00000058   Code   RO         4502    i.netif_add         netif.o
    0x0801e8c8   0x0801e8c8   0x00000022   Code   RO         4506    i.netif_set_addr    netif.o
    0x0801e8ea   0x0801e8ea   0x00000002   PAD
    0x0801e8ec   0x0801e8ec   0x0000000c   Code   RO         4507    i.netif_set_default  netif.o
    0x0801e8f8   0x0801e8f8   0x0000000e   Code   RO         4509    i.netif_set_gw      netif.o
    0x0801e906   0x0801e906   0x00000002   PAD
    0x0801e908   0x0801e908   0x0000006c   Code   RO         4510    i.netif_set_ipaddr  netif.o
    0x0801e974   0x0801e974   0x0000000e   Code   RO         4513    i.netif_set_netmask  netif.o
    0x0801e982   0x0801e982   0x00000038   Code   RO         4514    i.netif_set_up      netif.o
    0x0801e9ba   0x0801e9ba   0x00000016   Code   RO         8877    i.nvic_irq_disable  gd32f4xx_misc.o
    0x0801e9d0   0x0801e9d0   0x0000008c   Code   RO         8878    i.nvic_irq_enable   gd32f4xx_misc.o
    0x0801ea5c   0x0801ea5c   0x00000014   Code   RO         8879    i.nvic_priority_group_set  gd32f4xx_misc.o
    0x0801ea70   0x0801ea70   0x00000014   Code   RO         8880    i.nvic_vector_table_set  gd32f4xx_misc.o
    0x0801ea84   0x0801ea84   0x00000178   Code   RO         4599    i.pbuf_alloc        pbuf.o
    0x0801ebfc   0x0801ebfc   0x0000005a   Code   RO         4600    i.pbuf_alloced_custom  pbuf.o
    0x0801ec56   0x0801ec56   0x00000028   Code   RO         4601    i.pbuf_cat          pbuf.o
    0x0801ec7e   0x0801ec7e   0x00000014   Code   RO         4602    i.pbuf_chain        pbuf.o
    0x0801ec92   0x0801ec92   0x00000012   Code   RO         4603    i.pbuf_clen         pbuf.o
    0x0801eca4   0x0801eca4   0x000000a0   Code   RO         4605    i.pbuf_copy         pbuf.o
    0x0801ed44   0x0801ed44   0x0000006c   Code   RO         4606    i.pbuf_copy_partial  pbuf.o
    0x0801edb0   0x0801edb0   0x0000005e   Code   RO         4608    i.pbuf_free         pbuf.o
    0x0801ee0e   0x0801ee0e   0x00000068   Code   RO         4610    i.pbuf_header       pbuf.o
    0x0801ee76   0x0801ee76   0x0000004e   Code   RO         4613    i.pbuf_realloc      pbuf.o
    0x0801eec4   0x0801eec4   0x0000000c   Code   RO         4614    i.pbuf_ref          pbuf.o
    0x0801eed0   0x0801eed0   0x00000056   Code   RO         4616    i.pbuf_take         pbuf.o
    0x0801ef26   0x0801ef26   0x00000002   PAD
    0x0801ef28   0x0801ef28   0x000000fc   Code   RO          502    i.ping_callback     telnet.o
    0x0801f024   0x0801f024   0x00000032   Code   RO          503    i.ping_prepare_echo  telnet.o
    0x0801f056   0x0801f056   0x00000002   PAD
    0x0801f058   0x0801f058   0x00000074   Code   RO          504    i.ping_proc         telnet.o
    0x0801f0cc   0x0801f0cc   0x00000074   Code   RO          505    i.ping_proc_end     telnet.o
    0x0801f140   0x0801f140   0x00000014   Code   RO          506    i.ping_sem_pend     telnet.o
    0x0801f154   0x0801f154   0x00000014   Code   RO          507    i.ping_sem_post     telnet.o
    0x0801f168   0x0801f168   0x0000005c   Code   RO          508    i.ping_send         telnet.o
    0x0801f1c4   0x0801f1c4   0x00000040   Code   RO          509    i.ping_timeout      telnet.o
    0x0801f204   0x0801f204   0x00000054   Code   RO         4336    i.plug_holes        mem.o
    0x0801f258   0x0801f258   0x00000010   Code   RO         8935    i.pmu_backup_write_enable  gd32f4xx_pmu.o
    0x0801f268   0x0801f268   0x00000074   Code   RO         4719    i.raw_input         raw.o
    0x0801f2dc   0x0801f2dc   0x0000006c   Code   RO         4720    i.raw_new           raw.o
    0x0801f348   0x0801f348   0x00000094   Code   RO         4724    i.raw_sendto        raw.o
    0x0801f3dc   0x0801f3dc   0x00000010   Code   RO         9068    i.rcu_all_reset_flag_clear  gd32f4xx_rcu.o
    0x0801f3ec   0x0801f3ec   0x00000014   Code   RO         9074    i.rcu_ckout0_config  gd32f4xx_rcu.o
    0x0801f400   0x0801f400   0x000000e4   Code   RO         9076    i.rcu_clock_freq_get  gd32f4xx_rcu.o
    0x0801f4e4   0x0801f4e4   0x00000024   Code   RO         9079    i.rcu_flag_get      gd32f4xx_rcu.o
    0x0801f508   0x0801f508   0x00000020   Code   RO         9092    i.rcu_osci_on       gd32f4xx_rcu.o
    0x0801f528   0x0801f528   0x00000138   Code   RO         9093    i.rcu_osci_stab_wait  gd32f4xx_rcu.o
    0x0801f660   0x0801f660   0x00000020   Code   RO         9095    i.rcu_periph_clock_enable  gd32f4xx_rcu.o
    0x0801f680   0x0801f680   0x00000020   Code   RO         9098    i.rcu_periph_reset_disable  gd32f4xx_rcu.o
    0x0801f6a0   0x0801f6a0   0x00000020   Code   RO         9099    i.rcu_periph_reset_enable  gd32f4xx_rcu.o
    0x0801f6c0   0x0801f6c0   0x00000014   Code   RO         9104    i.rcu_rtc_clock_config  gd32f4xx_rcu.o
    0x0801f6d4   0x0801f6d4   0x00000108   Code   RO          667    i.reboot            cli_cmd.o
    0x0801f7dc   0x0801f7dc   0x0000005c   Code   RO         9370    i.rtc_current_time_get  gd32f4xx_rtc.o
    0x0801f838   0x0801f838   0x00000010   Code   RO         9372    i.rtc_flag_clear    gd32f4xx_rtc.o
    0x0801f848   0x0801f848   0x00000014   Code   RO         9373    i.rtc_flag_get      gd32f4xx_rtc.o
    0x0801f85c   0x0801f85c   0x0000009c   Code   RO         9375    i.rtc_init          gd32f4xx_rtc.o
    0x0801f8f8   0x0801f8f8   0x0000003c   Code   RO         9376    i.rtc_init_mode_enter  gd32f4xx_rtc.o
    0x0801f934   0x0801f934   0x00000010   Code   RO         9377    i.rtc_init_mode_exit  gd32f4xx_rtc.o
    0x0801f944   0x0801f944   0x00000034   Code   RO         9378    i.rtc_interrupt_disable  gd32f4xx_rtc.o
    0x0801f978   0x0801f978   0x00000034   Code   RO         9379    i.rtc_interrupt_enable  gd32f4xx_rtc.o
    0x0801f9ac   0x0801f9ac   0x00000050   Code   RO         9382    i.rtc_register_sync_wait  gd32f4xx_rtc.o
    0x0801f9fc   0x0801f9fc   0x0000004c   Code   RO         9394    i.rtc_wakeup_clock_set  gd32f4xx_rtc.o
    0x0801fa48   0x0801fa48   0x00000044   Code   RO         9395    i.rtc_wakeup_disable  gd32f4xx_rtc.o
    0x0801fa8c   0x0801fa8c   0x00000020   Code   RO         9396    i.rtc_wakeup_enable  gd32f4xx_rtc.o
    0x0801faac   0x0801faac   0x00000040   Code   RO         9398    i.rtc_wakeup_timer_set  gd32f4xx_rtc.o
    0x0801faec   0x0801faec   0x000000b4   Code   RO          668    i.runtime           cli_cmd.o
    0x0801fba0   0x0801fba0   0x00000038   Code   RO          669    i.set               cli_cmd.o
    0x0801fbd8   0x0801fbd8   0x0000010c   Code   RO          759    i.sys_debug_uart_data_handle  console_uart.o
    0x0801fce4   0x0801fce4   0x00000090   Code   RO          760    i.sys_debug_uart_init  console_uart.o
    0x0801fd74   0x0801fd74   0x0000000c   Code   RO         2445    i.sys_now           netconf.o
    0x0801fd80   0x0801fd80   0x000000a8   Code   RO         5173    i.sys_timeout       timers.o
    0x0801fe28   0x0801fe28   0x00000014   Code   RO        10158    i.syscfg_enet_phy_interface_config  gd32f4xx_syscfg.o
    0x0801fe3c   0x0801fe3c   0x0000008c   Code   RO         4785    i.tcp_abandon       tcp.o
    0x0801fec8   0x0801fec8   0x00000006   Code   RO         4786    i.tcp_abort         tcp.o
    0x0801fece   0x0801fece   0x00000004   Code   RO         4787    i.tcp_accept        tcp.o
    0x0801fed2   0x0801fed2   0x00000006   Code   RO         4788    i.tcp_accept_null   tcp.o
    0x0801fed8   0x0801fed8   0x000000f8   Code   RO         4789    i.tcp_alloc         tcp.o
    0x0801ffd0   0x0801ffd0   0x00000004   Code   RO         4790    i.tcp_arg           tcp.o
    0x0801ffd4   0x0801ffd4   0x00000090   Code   RO         4791    i.tcp_bind          tcp.o
    0x08020064   0x08020064   0x0000004c   Code   RO         3566    i.tcp_client_connect  tcpclient.o
    0x080200b0   0x080200b0   0x00000014   Code   RO         4792    i.tcp_close         tcp.o
    0x080200c4   0x080200c4   0x00000164   Code   RO         4793    i.tcp_close_shutdown  tcp.o
    0x08020228   0x08020228   0x00000100   Code   RO         4794    i.tcp_connect       tcp.o
    0x08020328   0x08020328   0x000000e0   Code   RO         5068    i.tcp_create_segment  tcp_out.o
    0x08020408   0x08020408   0x00000020   Code   RO         4796    i.tcp_eff_send_mss  tcp.o
    0x08020428   0x08020428   0x000000cc   Code   RO         5069    i.tcp_enqueue_flags  tcp_out.o
    0x080204f4   0x080204f4   0x00000006   Code   RO         4797    i.tcp_err           tcp.o
    0x080204fa   0x080204fa   0x00000002   PAD
    0x080204fc   0x080204fc   0x00000058   Code   RO         4798    i.tcp_fasttmr       tcp.o
    0x08020554   0x08020554   0x0000034c   Code   RO         5017    i.tcp_input         tcp_in.o
    0x080208a0   0x080208a0   0x0000003e   Code   RO         5070    i.tcp_keepalive     tcp_out.o
    0x080208de   0x080208de   0x00000002   PAD
    0x080208e0   0x080208e0   0x00000044   Code   RO         4800    i.tcp_kill_prio     tcp.o
    0x08020924   0x08020924   0x00000034   Code   RO         4801    i.tcp_kill_timewait  tcp.o
    0x08020958   0x08020958   0x000000ec   Code   RO         5018    i.tcp_listen_input  tcp_in.o
    0x08020a44   0x08020a44   0x000000d8   Code   RO         4802    i.tcp_listen_with_backlog  tcp.o
    0x08020b1c   0x08020b1c   0x00000006   Code   RO         4803    i.tcp_new           tcp.o
    0x08020b22   0x08020b22   0x00000002   PAD
    0x08020b24   0x08020b24   0x00000058   Code   RO         4804    i.tcp_new_port      tcp.o
    0x08020b7c   0x08020b7c   0x00000010   Code   RO         4805    i.tcp_next_iss      tcp.o
    0x08020b8c   0x08020b8c   0x00000188   Code   RO         5071    i.tcp_output        tcp_out.o
    0x08020d14   0x08020d14   0x0000006c   Code   RO         5072    i.tcp_output_alloc_header  tcp_out.o
    0x08020d80   0x08020d80   0x000000b0   Code   RO         5073    i.tcp_output_segment  tcp_out.o
    0x08020e30   0x08020e30   0x00000088   Code   RO         5019    i.tcp_parseopt      tcp_in.o
    0x08020eb8   0x08020eb8   0x00000052   Code   RO         5074    i.tcp_pbuf_prealloc  tcp_out.o
    0x08020f0a   0x08020f0a   0x0000003a   Code   RO         4806    i.tcp_pcb_purge     tcp.o
    0x08020f44   0x08020f44   0x0000005c   Code   RO         4807    i.tcp_pcb_remove    tcp.o
    0x08020fa0   0x08020fa0   0x00000008   Code   RO         4808    i.tcp_poll          tcp.o
    0x08020fa8   0x08020fa8   0x00000418   Code   RO         5020    i.tcp_process       tcp_in.o
    0x080213c0   0x080213c0   0x0000006a   Code   RO         4809    i.tcp_process_refused_data  tcp.o
    0x0802142a   0x0802142a   0x00000002   PAD
    0x0802142c   0x0802142c   0x00000436   Code   RO         5021    i.tcp_receive       tcp_in.o
    0x08021862   0x08021862   0x00000004   Code   RO         4810    i.tcp_recv          tcp.o
    0x08021866   0x08021866   0x00000026   Code   RO         4811    i.tcp_recv_null     tcp.o
    0x0802188c   0x0802188c   0x00000038   Code   RO         4812    i.tcp_recved        tcp.o
    0x080218c4   0x080218c4   0x00000050   Code   RO         5075    i.tcp_rexmit        tcp_out.o
    0x08021914   0x08021914   0x0000005e   Code   RO         5076    i.tcp_rexmit_fast   tcp_out.o
    0x08021972   0x08021972   0x0000002e   Code   RO         5077    i.tcp_rexmit_rto    tcp_out.o
    0x080219a0   0x080219a0   0x00000078   Code   RO         5078    i.tcp_rst           tcp_out.o
    0x08021a18   0x08021a18   0x0000001e   Code   RO         4813    i.tcp_seg_free      tcp.o
    0x08021a36   0x08021a36   0x00000012   Code   RO         4814    i.tcp_segs_free     tcp.o
    0x08021a48   0x08021a48   0x00000048   Code   RO         5079    i.tcp_send_empty_ack  tcp_out.o
    0x08021a90   0x08021a90   0x00000048   Code   RO         5080    i.tcp_send_fin      tcp_out.o
    0x08021ad8   0x08021ad8   0x00000004   Code   RO         4815    i.tcp_sent          tcp.o
    0x08021adc   0x08021adc   0x0000026c   Code   RO         4818    i.tcp_slowtmr       tcp.o
    0x08021d48   0x08021d48   0x00000034   Code   RO         5176    i.tcp_timer_needed  timers.o
    0x08021d7c   0x08021d7c   0x00000074   Code   RO         5022    i.tcp_timewait_input  tcp_in.o
    0x08021df0   0x08021df0   0x00000020   Code   RO         4819    i.tcp_tmr           tcp.o
    0x08021e10   0x08021e10   0x00000036   Code   RO         4820    i.tcp_update_rcv_ann_wnd  tcp.o
    0x08021e46   0x08021e46   0x000002ae   Code   RO         5081    i.tcp_write         tcp_out.o
    0x080220f4   0x080220f4   0x0000004e   Code   RO         5082    i.tcp_write_checks  tcp_out.o
    0x08022142   0x08022142   0x0000009a   Code   RO         5083    i.tcp_zero_window_probe  tcp_out.o
    0x080221dc   0x080221dc   0x00000070   Code   RO         3567    i.tcpclient_conn_err  tcpclient.o
    0x0802224c   0x0802224c   0x000000dc   Code   RO         3568    i.tcpclient_init    tcpclient.o
    0x08022328   0x08022328   0x00000050   Code   RO         3569    i.tcpclient_period  tcpclient.o
    0x08022378   0x08022378   0x000000f8   Code   RO         3570    i.tcpclient_poll    tcpclient.o
    0x08022470   0x08022470   0x0000001e   Code   RO         3571    i.tcpclient_read_data  tcpclient.o
    0x0802248e   0x0802248e   0x00000002   PAD
    0x08022490   0x08022490   0x000001a0   Code   RO         3572    i.tcpclient_recv    tcpclient.o
    0x08022630   0x08022630   0x000000c8   Code   RO         3573    i.tcpclient_reinit  tcpclient.o
    0x080226f8   0x080226f8   0x00000158   Code   RO         3574    i.tcpclient_send_data  tcpclient.o
    0x08022850   0x08022850   0x00000054   Code   RO         3575    i.tcpclient_sent    tcpclient.o
    0x080228a4   0x080228a4   0x00000038   Code   RO         5177    i.tcpip_tcp_timer   timers.o
    0x080228dc   0x080228dc   0x000000f0   Code   RO         2546    i.tcpserver_accept  tcpserver.o
    0x080229cc   0x080229cc   0x0000002c   Code   RO         2547    i.tcpserver_conn_err  tcpserver.o
    0x080229f8   0x080229f8   0x00000080   Code   RO         2548    i.tcpserver_init    tcpserver.o
    0x08022a78   0x08022a78   0x000000f4   Code   RO         2549    i.tcpserver_poll    tcpserver.o
    0x08022b6c   0x08022b6c   0x0000001e   Code   RO         2550    i.tcpserver_read_data  tcpserver.o
    0x08022b8a   0x08022b8a   0x00000002   PAD
    0x08022b8c   0x08022b8c   0x000001f0   Code   RO         2551    i.tcpserver_send_data  tcpserver.o
    0x08022d7c   0x08022d7c   0x00000054   Code   RO         2552    i.tcpserver_sent    tcpserver.o
    0x08022dd0   0x08022dd0   0x000000e8   Code   RO          510    i.telnet_accept     telnet.o
    0x08022eb8   0x08022eb8   0x0000012c   Code   RO          511    i.telnet_cmd_process  telnet.o
    0x08022fe4   0x08022fe4   0x00000068   Code   RO          512    i.telnet_conn_err   telnet.o
    0x0802304c   0x0802304c   0x0000003c   Code   RO          513    i.telnet_exit       telnet.o
    0x08023088   0x08023088   0x00000194   Code   RO          514    i.telnet_poll       telnet.o
    0x0802321c   0x0802321c   0x000008e0   Code   RO          515    i.telnet_recv       telnet.o
    0x08023afc   0x08023afc   0x00000004   Code   RO          516    i.telnet_sent       telnet.o
    0x08023b00   0x08023b00   0x00000074   Code   RO         5256    i.udp_bind          udp.o
    0x08023b74   0x08023b74   0x00000050   Code   RO         5260    i.udp_connect       udp.o
    0x08023bc4   0x08023bc4   0x000000bc   Code   RO         2644    i.udp_group_init    udpgroup.o
    0x08023c80   0x08023c80   0x0000001e   Code   RO         2645    i.udp_group_read_data  udpgroup.o
    0x08023c9e   0x08023c9e   0x00000002   PAD
    0x08023ca0   0x08023ca0   0x000000c0   Code   RO         2646    i.udp_group_send_data_to_rb  udpgroup.o
    0x08023d60   0x08023d60   0x000001a0   Code   RO         5263    i.udp_input         udp.o
    0x08023f00   0x08023f00   0x0000004c   Code   RO         3714    i.udp_ip_search_init  udp_ip_search.o
    0x08023f4c   0x08023f4c   0x0000001e   Code   RO         3715    i.udp_ip_search_read_data  udp_ip_search.o
    0x08023f6a   0x08023f6a   0x00000002   PAD
    0x08023f6c   0x08023f6c   0x000000c4   Code   RO         3716    i.udp_ip_search_recv  udp_ip_search.o
    0x08024030   0x08024030   0x00000090   Code   RO         3717    i.udp_ip_search_send_data  udp_ip_search.o
    0x080240c0   0x080240c0   0x0000005c   Code   RO         5264    i.udp_new           udp.o
    0x0802411c   0x0802411c   0x00000048   Code   RO         5265    i.udp_new_port      udp.o
    0x08024164   0x08024164   0x00000006   Code   RO         5266    i.udp_recv          udp.o
    0x0802416a   0x0802416a   0x00000002   PAD
    0x0802416c   0x0802416c   0x0000008c   Code   RO         2647    i.udp_send_period   udpgroup.o
    0x080241f8   0x080241f8   0x00000038   Code   RO         5269    i.udp_sendto        udp.o
    0x08024230   0x08024230   0x000000d6   Code   RO         5270    i.udp_sendto_if     udp.o
    0x08024306   0x08024306   0x00000002   PAD
    0x08024308   0x08024308   0x000000c0   Code   RO        10866    i.usart_baudrate_set  gd32f4xx_usart.o
    0x080243c8   0x080243c8   0x00000008   Code   RO        10870    i.usart_data_receive  gd32f4xx_usart.o
    0x080243d0   0x080243d0   0x00000008   Code   RO        10871    i.usart_data_transmit  gd32f4xx_usart.o
    0x080243d8   0x080243d8   0x000000e0   Code   RO        10872    i.usart_deinit      gd32f4xx_usart.o
    0x080244b8   0x080244b8   0x0000000c   Code   RO        10874    i.usart_dma_receive_config  gd32f4xx_usart.o
    0x080244c4   0x080244c4   0x0000000c   Code   RO        10875    i.usart_dma_transmit_config  gd32f4xx_usart.o
    0x080244d0   0x080244d0   0x0000000a   Code   RO        10876    i.usart_enable      gd32f4xx_usart.o
    0x080244da   0x080244da   0x0000001a   Code   RO        10878    i.usart_flag_get    gd32f4xx_usart.o
    0x080244f4   0x080244f4   0x00000042   Code   RO        10886    i.usart_interrupt_enable  gd32f4xx_usart.o
    0x08024536   0x08024536   0x0000001a   Code   RO        10887    i.usart_interrupt_flag_get  gd32f4xx_usart.o
    0x08024550   0x08024550   0x0000000c   Code   RO        10902    i.usart_receive_config  gd32f4xx_usart.o
    0x0802455c   0x0802455c   0x0000000c   Code   RO        10917    i.usart_transmit_config  gd32f4xx_usart.o
    0x08024568   0x08024568   0x0000002e   Data   RO          384    .constdata          task_module_comm.o
    0x08024596   0x08024596   0x00000002   PAD
    0x08024598   0x08024598   0x0000012f   Data   RO          670    .constdata          cli_cmd.o
    0x080246c7   0x080246c7   0x0000005c   Data   RO          944    .constdata          api_sys_param.o
    0x08024723   0x08024723   0x0000000e   Data   RO         1013    .constdata          api_gpio.o
    0x08024731   0x08024731   0x0000000b   Data   RO         1374    .constdata          sys_sem.o
    0x0802473c   0x0802473c   0x0000000f   Data   RO         1424    .constdata          sys_monitor.o
    0x0802474b   0x0802474b   0x00000020   Data   RO         1699    .constdata          interface.o
    0x0802476b   0x0802476b   0x00000053   Data   RO         1756    .constdata          llif_tcpserver.o
    0x080247be   0x080247be   0x0000004f   Data   RO         1852    .constdata          llif_udpgroup.o
    0x0802480d   0x0802480d   0x0000003b   Data   RO         1978    .constdata          llif_can.o
    0x08024848   0x08024848   0x00000088   Data   RO         2078    .constdata          llif_inter_flash.o
    0x080248d0   0x080248d0   0x0000003f   Data   RO         2137    .constdata          llif_gpio.o
    0x0802490f   0x0802490f   0x0000003f   Data   RO         2195    .constdata          llif_uart.o
    0x0802494e   0x0802494e   0x00000053   Data   RO         2254    .constdata          llif_tcpclient.o
    0x080249a1   0x080249a1   0x0000003b   Data   RO         2350    .constdata          llif_udp.o
    0x080249dc   0x080249dc   0x00000173   Data   RO         3230    .constdata          bsp_uart.o
    0x08024b4f   0x08024b4f   0x00000001   PAD
    0x08024b50   0x08024b50   0x0000012c   Data   RO         4426    .constdata          memp.o
    0x08024c7c   0x08024c7c   0x00000054   Data   RO         4821    .constdata          tcp.o
    0x08024cd0   0x08024cd0   0x00000004   Data   RO         5629    .constdata          ip_addr.o
    0x08024cd4   0x08024cd4   0x00000004   Data   RO         5630    .constdata          ip_addr.o
    0x08024cd8   0x08024cd8   0x0000000c   Data   RO         5760    .constdata          etharp.o
    0x08024ce4   0x08024ce4   0x00000004   Data   RO        11264    .constdata          os_cfg_app.o
    0x08024ce8   0x08024ce8   0x00000004   Data   RO        11265    .constdata          os_cfg_app.o
    0x08024cec   0x08024cec   0x00000004   Data   RO        11266    .constdata          os_cfg_app.o
    0x08024cf0   0x08024cf0   0x00000004   Data   RO        11275    .constdata          os_cfg_app.o
    0x08024cf4   0x08024cf4   0x00000004   Data   RO        11276    .constdata          os_cfg_app.o
    0x08024cf8   0x08024cf8   0x00000002   Data   RO        11278    .constdata          os_cfg_app.o
    0x08024cfa   0x08024cfa   0x00000002   PAD
    0x08024cfc   0x08024cfc   0x00000004   Data   RO        11280    .constdata          os_cfg_app.o
    0x08024d00   0x08024d00   0x00000001   Data   RO        11281    .constdata          os_cfg_app.o
    0x08024d01   0x08024d01   0x00000003   PAD
    0x08024d04   0x08024d04   0x00000004   Data   RO        11282    .constdata          os_cfg_app.o
    0x08024d08   0x08024d08   0x00000004   Data   RO        11283    .constdata          os_cfg_app.o
    0x08024d0c   0x08024d0c   0x00000004   Data   RO        11284    .constdata          os_cfg_app.o
    0x08024d10   0x08024d10   0x00000004   Data   RO        11285    .constdata          os_cfg_app.o
    0x08024d14   0x08024d14   0x00000004   Data   RO        11287    .constdata          os_cfg_app.o
    0x08024d18   0x08024d18   0x00000004   Data   RO        11288    .constdata          os_cfg_app.o
    0x08024d1c   0x08024d1c   0x00000001   Data   RO        11289    .constdata          os_cfg_app.o
    0x08024d1d   0x08024d1d   0x00000003   PAD
    0x08024d20   0x08024d20   0x00000004   Data   RO        11290    .constdata          os_cfg_app.o
    0x08024d24   0x08024d24   0x00000004   Data   RO        11291    .constdata          os_cfg_app.o
    0x08024d28   0x08024d28   0x00000004   Data   RO        11292    .constdata          os_cfg_app.o
    0x08024d2c   0x08024d2c   0x00000001   Data   RO        11294    .constdata          os_cfg_app.o
    0x08024d2d   0x08024d2d   0x00000003   PAD
    0x08024d30   0x08024d30   0x00000004   Data   RO        11295    .constdata          os_cfg_app.o
    0x08024d34   0x08024d34   0x00000004   Data   RO        11296    .constdata          os_cfg_app.o
    0x08024d38   0x08024d38   0x00000004   Data   RO        11297    .constdata          os_cfg_app.o
    0x08024d3c   0x08024d3c   0x00000004   Data   RO        11298    .constdata          os_cfg_app.o
    0x08024d40   0x08024d40   0x0000000c   Data   RO        13331    .constdata          mc_w.l(mktime.o)
    0x08024d4c   0x08024d4c   0x0000000c   Data   RO        13645    .constdata          mc_w.l(localtime_i.o)
    0x08024d58   0x08024d58   0x00000222   Data   RO          518    .conststring        telnet.o
    0x08024f7a   0x08024f7a   0x00000002   PAD
    0x08024f7c   0x08024f7c   0x000000e8   Data   RO          671    .conststring        cli_cmd.o
    0x08025064   0x08025064   0x000000f9   Data   RO          945    .conststring        api_sys_param.o
    0x0802515d   0x0802515d   0x00000003   PAD
    0x08025160   0x08025160   0x00000086   Data   RO         1258    .conststring        sys_base.o
    0x080251e6   0x080251e6   0x00000002   PAD
    0x080251e8   0x080251e8   0x00000043   Data   RO         1554    .conststring        sys_ringbuff.o
    0x0802522b   0x0802522b   0x00000001   PAD
    0x0802522c   0x0802522c   0x00000132   Data   RO         2554    .conststring        tcpserver.o
    0x0802535e   0x0802535e   0x00000002   PAD
    0x08025360   0x08025360   0x0000004a   Data   RO         2649    .conststring        udpgroup.o
    0x080253aa   0x080253aa   0x00000002   PAD
    0x080253ac   0x080253ac   0x00000043   Data   RO         2921    .conststring        bsp_enet.o
    0x080253ef   0x080253ef   0x00000001   PAD
    0x080253f0   0x080253f0   0x000000ea   Data   RO         3577    .conststring        tcpclient.o
    0x080254da   0x080254da   0x00000002   PAD
    0x080254dc   0x080254dc   0x0000004b   Data   RO         3763    .conststring        dbg_log.o
    0x08025527   0x08025527   0x00000001   PAD
    0x08025528   0x08025528   0x00000075   Data   RO         4822    .conststring        tcp.o
    0x0802559d   0x0802559d   0x00000003   PAD
    0x080255a0   0x080255a0   0x000003d6   Data   RO          672    .conststrlit        cli_cmd.o
    0x08025976   0x08025976   0x00000002   PAD
    0x08025978   0x08025978   0x00000030   Data   RO        13666    Region$$Table       anon$$obj.o
    0x080259a8   0x080259a8   0x00000008   Data   RO         1700    inf.item.0          interface.o
    0x080259b0   0x080259b0   0x00000008   Data   RO         1757    inf.item.2          llif_tcpserver.o
    0x080259b8   0x080259b8   0x00000008   Data   RO         1853    inf.item.2          llif_udpgroup.o
    0x080259c0   0x080259c0   0x00000008   Data   RO         1980    inf.item.2          llif_can.o
    0x080259c8   0x080259c8   0x00000008   Data   RO         2080    inf.item.2          llif_inter_flash.o
    0x080259d0   0x080259d0   0x00000008   Data   RO         2138    inf.item.2          llif_gpio.o
    0x080259d8   0x080259d8   0x00000008   Data   RO         2197    inf.item.2          llif_uart.o
    0x080259e0   0x080259e0   0x00000008   Data   RO         2255    inf.item.2          llif_tcpclient.o
    0x080259e8   0x080259e8   0x00000008   Data   RO         2351    inf.item.2          llif_udp.o
    0x080259f0   0x080259f0   0x00000008   Data   RO         1701    inf.item.7          interface.o
    0x080259f8   0x080259f8   0x00000004   Data   RO         1611    init.item.0         sys_module.o
    0x080259fc   0x080259fc   0x00000004   Data   RO         1199    init.item.1         sys_mutex.o
    0x08025a00   0x08025a00   0x00000004   Data   RO         1375    init.item.1         sys_sem.o
    0x08025a04   0x08025a04   0x00000004   Data   RO         1483    init.item.1         sys_timer.o
    0x08025a08   0x08025a08   0x00000004   Data   RO         1650    init.item.1         sys_critical.o
    0x08025a0c   0x08025a0c   0x00000004   Data   RO         1702    init.item.2         interface.o
    0x08025a10   0x08025a10   0x00000004   Data   RO          766    init.item.3         console_uart.o
    0x08025a14   0x08025a14   0x00000004   Data   RO         1148    init.item.3         api_upgrade.o
    0x08025a18   0x08025a18   0x00000004   Data   RO         1425    init.item.3         sys_monitor.o
    0x08025a1c   0x08025a1c   0x00000004   Data   RO          947    init.item.4         api_sys_param.o
    0x08025a20   0x08025a20   0x00000004   Data   RO         1014    init.item.4         api_gpio.o
    0x08025a24   0x08025a24   0x00000004   Data   RO         1612    init.item.7         sys_module.o
    0x08025a28   0x08025a28   0x00000004   Data   RO         1613    period.item.0       sys_module.o
    0x08025a2c   0x08025a2c   0x00000004   Data   RO          767    period.item.4       console_uart.o
    0x08025a30   0x08025a30   0x00000004   Data   RO         2651    period.item.4       udpgroup.o
    0x08025a34   0x08025a34   0x00000004   Data   RO         3232    period.item.4       bsp_uart.o
    0x08025a38   0x08025a38   0x00000004   Data   RO         3580    period.item.4       tcpclient.o
    0x08025a3c   0x08025a3c   0x00000004   Data   RO         1614    period.item.7       sys_module.o
    0x08025a40   0x08025a40   0x00000004   Data   RO         1615    task.item.0         sys_module.o
    0x08025a44   0x08025a44   0x00000004   Data   RO          391    task.item.1         task_module_comm.o
    0x08025a48   0x08025a48   0x00000004   Data   RO         1616    task.item.7         sys_module.o


    Execution Region RW_IRAM1 (Exec base: 0x20000000, Load base: 0x08025a4c, Size: 0x00041ac0, Max: 0x00070000, ABSOLUTE, COMPRESSED[0x00000158])

    Exec Addr    Load Addr    Size         Type   Attr      Idx    E Section Name        Object

    0x20000000   0x08025a4c   0x000001a0   Code   RO         2545    RAMCODE             tcpserver.o
    0x200001a0   0x08025bec   0x000002f8   Code   RO         2643    RAMCODE             udpgroup.o
    0x20000498   0x08025ee4   0x00000084   Code   RO         2699    RAMCODE             gd32f4xx_it.o
    0x2000051c   0x08025f68   0x0000000a   Ven    RO        13678    Veneer$$Code        anon$$obj.o
    0x20000526   0x08025f72   0x0000000a   Ven    RO        13679    Veneer$$Code        anon$$obj.o
    0x20000530   0x08025f7c   0x0000000a   Ven    RO        13680    Veneer$$Code        anon$$obj.o
    0x2000053a   0x08025f86   0x0000000a   Ven    RO        13681    Veneer$$Code        anon$$obj.o
    0x20000544   0x08025f90   0x0000000a   Ven    RO        13682    Veneer$$Code        anon$$obj.o
    0x2000054e   0x08025f9a   0x0000000a   Ven    RO        13683    Veneer$$Code        anon$$obj.o
    0x20000558   0x08025fa4   0x0000000a   Ven    RO        13684    Veneer$$Code        anon$$obj.o
    0x20000562   0x08025fae   0x0000000a   Ven    RO        13685    Veneer$$Code        anon$$obj.o
    0x2000056c   0x08025fb8   0x0000000a   Ven    RO        13686    Veneer$$Code        anon$$obj.o
    0x20000576   0x08025fc2   0x0000000a   Ven    RO        13687    Veneer$$Code        anon$$obj.o
    0x20000580   0x08025fcc   0x0000000a   Ven    RO        13688    Veneer$$Code        anon$$obj.o
    0x2000058a   0x08025fd6   0x0000000a   Ven    RO        13689    Veneer$$Code        anon$$obj.o
    0x20000594   0x08025fe0   0x0000000a   Ven    RO        13690    Veneer$$Code        anon$$obj.o
    0x2000059e   0x08025fea   0x0000000a   Ven    RO        13691    Veneer$$Code        anon$$obj.o
    0x200005a8   0x08025ff4   0x0000000a   Ven    RO        13692    Veneer$$Code        anon$$obj.o
    0x200005b2   0x08025ffe   0x0000000a   Ven    RO        13693    Veneer$$Code        anon$$obj.o
    0x200005bc   0x08026008   0x0000000a   Ven    RO        13694    Veneer$$Code        anon$$obj.o
    0x200005c6   COMPRESSED   0x00000002   PAD
    0x200005c8   COMPRESSED   0x0000003c   Data   RW          519    .data               telnet.o
    0x20000604   COMPRESSED   0x00000004   Data   RW          520    .data               telnet.o
    0x20000608   COMPRESSED   0x0000002c   Data   RW          764    .data               console_uart.o
    0x20000634   COMPRESSED   0x00000008   Data   RW          946    .data               api_sys_param.o
    0x2000063c   COMPRESSED   0x00000010   Data   RW         1147    .data               api_upgrade.o
    0x2000064c   COMPRESSED   0x00000014   Data   RW         1259    .data               sys_base.o
    0x20000660   COMPRESSED   0x0000000c   Data   RW         1482    .data               sys_timer.o
    0x2000066c   COMPRESSED   0x00000018   Data   RW         1979    .data               llif_can.o
    0x20000684   COMPRESSED   0x00000054   Data   RW         2079    .data               llif_inter_flash.o
    0x200006d8   COMPRESSED   0x00000040   Data   RW         2196    .data               llif_uart.o
    0x20000718   COMPRESSED   0x00000014   Data   RW         2447    .data               netconf.o
    0x2000072c   COMPRESSED   0x00000010   Data   RW         2555    .data               tcpserver.o
    0x2000073c   COMPRESSED   0x00000014   Data   RW         2650    .data               udpgroup.o
    0x20000750   COMPRESSED   0x00000004   Data   RW         2923    .data               bsp_enet.o
    0x20000754   COMPRESSED   0x0000007c   Data   RW         2995    .data               bsp_flash_if.o
    0x200007d0   COMPRESSED   0x00000008   Data   RW         3231    .data               bsp_uart.o
    0x200007d8   COMPRESSED   0x00000250   Data   RW         3338    .data               bsp_gpio.o
    0x20000a28   COMPRESSED   0x0000000c   Data   RW         3508    .data               bsp_rtc.o
    0x20000a34   COMPRESSED   0x00000014   Data   RW         3579    .data               tcpclient.o
    0x20000a48   COMPRESSED   0x00000008   Data   RW         3720    .data               udp_ip_search.o
    0x20000a50   COMPRESSED   0x0000000c   Data   RW         3764    .data               dbg_log.o
    0x20000a5c   COMPRESSED   0x00000001   Data   RW         3765    .data               dbg_log.o
    0x20000a5d   COMPRESSED   0x00000003   PAD
    0x20000a60   COMPRESSED   0x00000004   Data   RW         3986    .data               dhcp.o
    0x20000a64   COMPRESSED   0x00000014   Data   RW         4203    .data               dns.o
    0x20000a78   COMPRESSED   0x0000000c   Data   RW         4338    .data               mem.o
    0x20000a84   COMPRESSED   0x0000000c   Data   RW         4515    .data               netif.o
    0x20000a90   COMPRESSED   0x00000004   Data   RW         4725    .data               raw.o
    0x20000a94   COMPRESSED   0x00000024   Data   RW         4823    .data               tcp.o
    0x20000ab8   COMPRESSED   0x0000001c   Data   RW         5024    .data               tcp_in.o
    0x20000ad4   COMPRESSED   0x0000000c   Data   RW         5178    .data               timers.o
    0x20000ae0   COMPRESSED   0x0000000c   Data   RW         5272    .data               udp.o
    0x20000aec   COMPRESSED   0x0000000c   Data   RW         5442    .data               igmp.o
    0x20000af8   COMPRESSED   0x00000014   Data   RW         5582    .data               ip.o
    0x20000b0c   COMPRESSED   0x00000008   Data   RW         5687    .data               ip_frag.o
    0x20000b14   COMPRESSED   0x00000001   Data   RW         5761    .data               etharp.o
    0x20000b15   COMPRESSED   0x00000003   PAD
    0x20000b18   COMPRESSED   0x00000004   Data   RW         5842    .data               system_gd32f4xx.o
    0x20000b1c   COMPRESSED   0x00000010   Data   RW         7232    .data               gd32f4xx_enet.o
    0x20000b2c   COMPRESSED   0x00000008   Data   RW        11798    .data               os_prio.o
    0x20000b34   COMPRESSED   0x00000004   Data   RW        12350    .data               os_var.o
    0x20000b38   COMPRESSED   0x00000004   Data   RW        12351    .data               os_var.o
    0x20000b3c   COMPRESSED   0x00000004   Data   RW        12352    .data               os_var.o
    0x20000b40   COMPRESSED   0x00000004   Data   RW        12353    .data               os_var.o
    0x20000b44   COMPRESSED   0x00000004   Data   RW        12354    .data               os_var.o
    0x20000b48   COMPRESSED   0x00000004   Data   RW        12355    .data               os_var.o
    0x20000b4c   COMPRESSED   0x00000004   Data   RW        12356    .data               os_var.o
    0x20000b50   COMPRESSED   0x00000004   Data   RW        12357    .data               os_var.o
    0x20000b54   COMPRESSED   0x00000001   Data   RW        12358    .data               os_var.o
    0x20000b55   COMPRESSED   0x00000003   PAD
    0x20000b58   COMPRESSED   0x00000004   Data   RW        12359    .data               os_var.o
    0x20000b5c   COMPRESSED   0x00000001   Data   RW        12360    .data               os_var.o
    0x20000b5d   COMPRESSED   0x00000003   PAD
    0x20000b60   COMPRESSED   0x00000004   Data   RW        12361    .data               os_var.o
    0x20000b64   COMPRESSED   0x00000002   Data   RW        12362    .data               os_var.o
    0x20000b66   COMPRESSED   0x00000002   PAD
    0x20000b68   COMPRESSED   0x00000004   Data   RW        12363    .data               os_var.o
    0x20000b6c   COMPRESSED   0x00000002   Data   RW        12364    .data               os_var.o
    0x20000b6e   COMPRESSED   0x00000002   PAD
    0x20000b70   COMPRESSED   0x00000004   Data   RW        12365    .data               os_var.o
    0x20000b74   COMPRESSED   0x00000002   Data   RW        12366    .data               os_var.o
    0x20000b76   COMPRESSED   0x00000001   Data   RW        12367    .data               os_var.o
    0x20000b77   COMPRESSED   0x00000001   Data   RW        12368    .data               os_var.o
    0x20000b78   COMPRESSED   0x00000001   Data   RW        12369    .data               os_var.o
    0x20000b79   COMPRESSED   0x00000003   PAD
    0x20000b7c   COMPRESSED   0x00000004   Data   RW        12370    .data               os_var.o
    0x20000b80   COMPRESSED   0x00000002   Data   RW        12371    .data               os_var.o
    0x20000b82   COMPRESSED   0x00000001   Data   RW        12372    .data               os_var.o
    0x20000b83   COMPRESSED   0x00000001   PAD
    0x20000b84   COMPRESSED   0x00000004   Data   RW        12373    .data               os_var.o
    0x20000b88   COMPRESSED   0x00000002   Data   RW        12374    .data               os_var.o
    0x20000b8a   COMPRESSED   0x00000001   Data   RW        12375    .data               os_var.o
    0x20000b8b   COMPRESSED   0x00000001   PAD
    0x20000b8c   COMPRESSED   0x00000002   Data   RW        12376    .data               os_var.o
    0x20000b8e   COMPRESSED   0x00000002   Data   RW        12377    .data               os_var.o
    0x20000b90   COMPRESSED   0x00000004   Data   RW        12378    .data               os_var.o
    0x20000b94   COMPRESSED   0x00000004   Data   RW        12379    .data               os_var.o
    0x20000b98   COMPRESSED   0x00000004   Data   RW        12380    .data               os_var.o
    0x20000b9c   COMPRESSED   0x00000001   Data   RW        12381    .data               os_var.o
    0x20000b9d   COMPRESSED   0x00000003   PAD
    0x20000ba0   COMPRESSED   0x00000004   Data   RW        12382    .data               os_var.o
    0x20000ba4   COMPRESSED   0x00000004   Data   RW        12383    .data               os_var.o
    0x20000ba8   COMPRESSED   0x00000004   Data   RW        12384    .data               os_var.o
    0x20000bac   COMPRESSED   0x00000002   Data   RW        12385    .data               os_var.o
    0x20000bae   COMPRESSED   0x00000001   Data   RW        12386    .data               os_var.o
    0x20000baf   COMPRESSED   0x00000001   PAD
    0x20000bb0   COMPRESSED   0x00000004   Data   RW        12387    .data               os_var.o
    0x20000bb4   COMPRESSED   0x00000004   Data   RW        12388    .data               os_var.o
    0x20000bb8   COMPRESSED   0x00000008   Data   RW        12389    .data               os_var.o
    0x20000bc0   COMPRESSED   0x00000008   Data   RW        12390    .data               os_var.o
    0x20000bc8   COMPRESSED   0x00000004   Data   RW        12391    .data               os_var.o
    0x20000bcc   COMPRESSED   0x00000002   Data   RW        12392    .data               os_var.o
    0x20000bce   COMPRESSED   0x00000002   PAD
    0x20000bd0   COMPRESSED   0x00000004   Data   RW        12393    .data               os_var.o
    0x20000bd4   COMPRESSED   0x00000004   Data   RW        12395    .data               os_var.o
    0x20000bd8   COMPRESSED   0x00000004   Data   RW        12396    .data               os_var.o
    0x20000bdc   COMPRESSED   0x00000004   Data   RW        12397    .data               os_var.o
    0x20000be0   COMPRESSED   0x00000004   Data   RW        12398    .data               os_var.o
    0x20000be4   COMPRESSED   0x00000004   Data   RW        12399    .data               os_var.o
    0x20000be8   COMPRESSED   0x00000004   Data   RW        12400    .data               os_var.o
    0x20000bec   COMPRESSED   0x00000004   Data   RW        12427    .data               os_cpu_c.o
    0x20000bf0   COMPRESSED   0x0000001c   Data   RW        13058    .data               cpu_core.o
    0x20000c0c   COMPRESSED   0x00000004   Data   RW        13634    .data               mc_w.l(stdout.o)
    0x20000c10   COMPRESSED   0x00000018   Data   RW          673    debug_cmd.item.0    cli_cmd.o
    0x20000c28   COMPRESSED   0x00000078   Data   RW          674    debug_cmd.item.1    cli_cmd.o
    0x20000ca0   COMPRESSED   0x00000018   Data   RW          675    debug_cmd.item.2    cli_cmd.o
    0x20000cb8        -       0x00001efc   Zero   RW            5    .bss                main.o
    0x20002bb4        -       0x000010d0   Zero   RW          383    .bss                task_module_comm.o
    0x20003c84        -       0x00001cd6   Zero   RW          517    .bss                telnet.o
    0x2000595a        -       0x0000069b   Zero   RW          761    .bss                console_uart.o
    0x20005ff5        -       0x00002000   Zero   RW          943    .bss                api_sys_param.o
    0x20007ff5   COMPRESSED   0x00000003   PAD
    0x20007ff8        -       0x00000284   Zero   RW         1012    .bss                api_gpio.o
    0x2000827c        -       0x00000410   Zero   RW         1198    .bss                sys_mutex.o
    0x2000868c        -       0x00000010   Zero   RW         1257    .bss                sys_base.o
    0x2000869c        -       0x00000370   Zero   RW         1373    .bss                sys_sem.o
    0x20008a0c        -       0x00000140   Zero   RW         1423    .bss                sys_monitor.o
    0x20008b4c        -       0x00000284   Zero   RW         1698    .bss                interface.o
    0x20008dd0        -       0x0000001c   Zero   RW         1755    .bss                llif_tcpserver.o
    0x20008dec        -       0x00000814   Zero   RW         1812    .bss                tcpserverbuff.o
    0x20009600        -       0x0000001c   Zero   RW         1851    .bss                llif_udpgroup.o
    0x2000961c        -       0x00007828   Zero   RW         1913    .bss                udpgroupbuff.o
    0x20010e44        -       0x0000001c   Zero   RW         1977    .bss                llif_can.o
    0x20010e60        -       0x00002594   Zero   RW         2038    .bss                canbuff.o
    0x200133f4        -       0x0000008c   Zero   RW         2077    .bss                llif_inter_flash.o
    0x20013480        -       0x0000000c   Zero   RW         2136    .bss                llif_gpio.o
    0x2001348c        -       0x0000000c   Zero   RW         2194    .bss                llif_uart.o
    0x20013498        -       0x0000001c   Zero   RW         2253    .bss                llif_tcpclient.o
    0x200134b4        -       0x00000814   Zero   RW         2310    .bss                tcpclientbuff.o
    0x20013cc8        -       0x0000001c   Zero   RW         2349    .bss                llif_udp.o
    0x20013ce4        -       0x00000814   Zero   RW         2406    .bss                udpbuff.o
    0x200144f8        -       0x00000038   Zero   RW         2446    .bss                netconf.o
    0x20014530        -       0x0000007c   Zero   RW         2553    .bss                tcpserver.o
    0x200145ac        -       0x0000064c   Zero   RW         2648    .bss                udpgroup.o
    0x20014bf8        -       0x00000010   Zero   RW         3214    .bss                bsp_uart.o
    0x20014c08        -       0x00000010   Zero   RW         3215    .bss                bsp_uart.o
    0x20014c18        -       0x00000010   Zero   RW         3216    .bss                bsp_uart.o
    0x20014c28        -       0x00000010   Zero   RW         3217    .bss                bsp_uart.o
    0x20014c38        -       0x00000010   Zero   RW         3218    .bss                bsp_uart.o
    0x20014c48        -       0x00000010   Zero   RW         3219    .bss                bsp_uart.o
    0x20014c58        -       0x00000010   Zero   RW         3220    .bss                bsp_uart.o
    0x20014c68        -       0x0000140c   Zero   RW         3221    .bss                bsp_uart.o
    0x20016074        -       0x0000140c   Zero   RW         3222    .bss                bsp_uart.o
    0x20017480        -       0x00000800   Zero   RW         3223    .bss                bsp_uart.o
    0x20017c80        -       0x00000080   Zero   RW         3224    .bss                bsp_uart.o
    0x20017d00        -       0x00000800   Zero   RW         3225    .bss                bsp_uart.o
    0x20018500        -       0x00000800   Zero   RW         3226    .bss                bsp_uart.o
    0x20018d00        -       0x00000800   Zero   RW         3227    .bss                bsp_uart.o
    0x20019500        -       0x00000080   Zero   RW         3228    .bss                bsp_uart.o
    0x20019580        -       0x00000800   Zero   RW         3229    .bss                bsp_uart.o
    0x20019d80        -       0x00000014   Zero   RW         3507    .bss                bsp_rtc.o
    0x20019d94        -       0x00000080   Zero   RW         3576    .bss                tcpclient.o
    0x20019e14        -       0x00000070   Zero   RW         3718    .bss                udp_ip_search.o
    0x20019e84        -       0x00000663   Zero   RW         4202    .bss                dns.o
    0x2001a4e7   COMPRESSED   0x00000001   PAD
    0x2001a4e8        -       0x00016237   Zero   RW         4425    .bss                memp.o
    0x2003071f   COMPRESSED   0x00000001   PAD
    0x20030720        -       0x00000010   Zero   RW         5023    .bss                tcp_in.o
    0x20030730        -       0x00000010   Zero   RW         5628    .bss                ip_addr.o
    0x20030740        -       0x000000c8   Zero   RW         5759    .bss                etharp.o
    0x20030808        -       0x0000f0dc   Zero   RW         7230    .bss                gd32f4xx_enet.o
    0x2003f8e4        -       0x00000200   Zero   RW        11258    .bss                os_cfg_app.o
    0x2003fae4        -       0x00000190   Zero   RW        11259    .bss                os_cfg_app.o
    0x2003fc74        -       0x00000640   Zero   RW        11260    .bss                os_cfg_app.o
    0x200402b4        -       0x00000190   Zero   RW        11261    .bss                os_cfg_app.o
    0x20040444        -       0x00000200   Zero   RW        11262    .bss                os_cfg_app.o
    0x20040644        -       0x00000200   Zero   RW        11263    .bss                os_cfg_app.o
    0x20040844        -       0x000000c0   Zero   RW        12343    .bss                os_var.o
    0x20040904        -       0x0000000c   Zero   RW        12344    .bss                os_var.o
    0x20040910        -       0x00000300   Zero   RW        12345    .bss                os_var.o
    0x20040c10        -       0x000000c0   Zero   RW        12346    .bss                os_var.o
    0x20040cd0        -       0x000000c0   Zero   RW        12347    .bss                os_var.o
    0x20040d90        -       0x00000030   Zero   RW        12348    .bss                os_var.o
    0x20040dc0        -       0x000000c0   Zero   RW        12349    .bss                os_var.o
    0x20040e80        -       0x00000010   Zero   RW        13055    .bss                cpu_core.o
    0x20040e90        -       0x0000002c   Zero   RW        13642    .bss                mc_w.l(localtime_w.o)
    0x20040ebc   COMPRESSED   0x00000004   PAD
    0x20040ec0        -       0x00000c00   Zero   RW         5879    STACK               startup_gd32f450.o



  Load Region LR$$.ARM.__AT_0x10000000 (Base: 0x10000000, Size: 0x00000000, Max: 0x0000c814, ABSOLUTE)

    Execution Region ER$$.ARM.__AT_0x10000000 (Exec base: 0x10000000, Load base: 0x10000000, Size: 0x0000c814, Max: 0x0000c814, ABSOLUTE, UNINIT)

    Exec Addr    Load Addr    Size         Type   Attr      Idx    E Section Name        Object

    0x10000000        -       0x0000c814   Zero   RW         4337    .ARM.__AT_0x10000000  mem.o


==============================================================================

Image component sizes


      Code (inc. data)   RO Data    RW Data    ZI Data      Debug   Object Name

      2740        810         18          0        644      10627   api_gpio.o
         0          0          0          0          0        840   api_lib.o
      1764        500        345          8       8192       5833   api_sys_param.o
       100         44          4         16          0       1524   api_upgrade.o
         0          0          0          0          0        584   at_utils.o
        66         16          0          0          0       1638   bsp.o
       750         66          0          0          0       3741   bsp_can.o
       726        102         67          4          0       3837   bsp_enet.o
       592         98          0        124          0       4046   bsp_flash_if.o
       192         34          0        592          0     125071   bsp_gpio.o
       666         42          0         12         20       5360   bsp_rtc.o
      1614        150        375          8      20872      15923   bsp_uart.o
        56         18          0          0       9620       2774   canbuff.o
      1736        380       1517        168          0      10540   cli_cmd.o
        62          0          0          0          0        743   common.o
      3296        606          8         44       1691      13161   console_uart.o
        52          0          0          0          0        408   cpu_a.o
       358         52          0         28         16       9896   cpu_core.o
      1344        290         75         13          0       3661   dbg_log.o
        42          0          0          0          0       2172   def.o
       626         12          0          4          0      21304   dhcp.o
       420         22          0         20       1635       9445   dns.o
      1696         58         12          1        200      14233   etharp.o
       378         34          0          0          0       4635   ethernetif.o
      1030         36          0          0          0       6976   gd32f4xx_can.o
       718          4          0          0          0       9548   gd32f4xx_dma.o
      2028        244          0         16      61660      18210   gd32f4xx_enet.o
       172         22          0          0          0       2720   gd32f4xx_exti.o
       264         38          0          0          0       4548   gd32f4xx_fmc.o
       256          0          0          0          0       3237   gd32f4xx_gpio.o
      1510        392          0          0          0      14596   gd32f4xx_it.o
       202         24          0          0          0       2771   gd32f4xx_misc.o
        16          4          0          0          0        566   gd32f4xx_pmu.o
       760         78          0          0          0       8304   gd32f4xx_rcu.o
       784         62          0          0          0      10092   gd32f4xx_rtc.o
        20          6          0          0          0        687   gd32f4xx_syscfg.o
       608         18          0          0          0       8633   gd32f4xx_usart.o
       438          8          0          0          0       4018   icmp.o
       916        112          0         12          0      10236   igmp.o
         0          0          0          0          0       3908   inet.o
       170          0          0          0          0       3013   inet_chksum.o
         0          0          0          0          0      12345   init.o
      1124        438         52          0        644       5186   interface.o
       858         22          0         20          0       9200   ip.o
       210          4          8          0         16       9536   ip_addr.o
      1544        166          0          8          0      11405   ip_frag.o
         0          0          0          0          0       7956   lib_ascii.o
         0          0          0          0          0       1888   lib_math.o
        70          0          0          0          0      13128   lib_mem.o
      1056        378         67         24         28       6372   llif_can.o
       620        192         71          0         12       4979   llif_gpio.o
      1820        714        144         84        140       7392   llif_inter_flash.o
       730        296         91          0         28       5486   llif_tcpclient.o
       738        296         91          0         28       5490   llif_tcpserver.o
       768        278         71         64         12       5339   llif_uart.o
       726        288         67          0         28       5156   llif_udp.o
       766        290         87          0         28       5523   llif_udpgroup.o
       344         82          0          0       7932     199278   main.o
       568         34          0         12      51220      44845   mem.o
       644         60        300          0      90679       7082   memp.o
       292         36          0         20         56      10496   netconf.o
       326         20          0         12          0       7889   netif.o
         2          0         81          0       3936      19525   os_cfg_app.o
      2296        320          0          0          0      20996   os_core.o
       228          6          0          0          0        480   os_cpu_a.o
       316         56          0          4          0      25808   os_cpu_c.o
         2          0          0          0          0       1034   os_dbg.o
        24         10          0          0          0       1002   os_flag.o
        24         10          0          0          0       1005   os_mem.o
       154         20          0          0          0       2472   os_msg.o
       974         50          0          0          0       7891   os_mutex.o
       124         18          0          8          0       3190   os_prio.o
        24         10          0          0          0       1003   os_q.o
       960         72          0          0          0       8256   os_sem.o
      1228        196          0          0          0       4599   os_stat.o
      2308        158          0          0          0      14765   os_task.o
       974         92          0          0          0       6507   os_tick.o
       404         40          0          0          0       3117   os_time.o
       532        140          0          0          0       3961   os_tmr.o
         0          0          0        163       1596      17974   os_var.o
      1186         58          0          0          0      11356   pbuf.o
       372         76          0          4          0       3507   raw.o
        52          8        428          0       3072        896   startup_gd32f450.o
      1112        368        134         20         16      33551   sys_base.o
        86         22          4          0          0       3205   sys_critical.o
        96         30         24          0          0       4662   sys_module.o
       684        276         19          0        320       4582   sys_monitor.o
       328         48          4          0       1040       3629   sys_mutex.o
       240          4         67          0          0       4201   sys_ringbuff.o
       420        100         15          0        880       3691   sys_sem.o
       540         70          4         12          0       6705   sys_timer.o
         2          0          0          4          0        679   system_gd32f4xx.o
       484        210         50          0       4304      12356   task_module_comm.o
      2876        210        201         36          0      33849   tcp.o
      3458        130          0         28         16      17551   tcp_in.o
      2650         68          0          0          0      16339   tcp_out.o
      1810        640        238         20        128       9033   tcpclient.o
        56         20          0          0       2068       2838   tcpclientbuff.o
      1682        656        306         16        124      18517   tcpserver.o
        56         20          0          0       2068       2838   tcpserverbuff.o
      5038       1096        546         64       7382      22699   telnet.o
       276         96          0         12          0       2221   timers.o
      1052         88          0         12          0      17266   udp.o
       446        106          0          8        112       3967   udp_ip_search.o
        56         20          0          0       2068       2638   udpbuff.o
      1310        334         78         20       1612       6179   udpgroup.o
       124         42          0          0      30760       5623   udpgroupbuff.o

    ----------------------------------------------------------------------
     79732      13970       5752       1772     316908    1168193   Object Totals
       190          0         48          0          0          0   (incl. Generated)
       104          0         35         27          5          0   (incl. Padding)

    ----------------------------------------------------------------------

      Code (inc. data)   RO Data    RW Data    ZI Data      Debug   Library Member Name

        86          0          0          0          0          0   __dczerorl2.o
         0          0          0          0          0          0   entry.o
         0          0          0          0          0          0   entry10a.o
         0          0          0          0          0          0   entry11a.o
         4          0          0          0          0          0   entry12b.o
         8          4          0          0          0          0   entry2.o
         4          0          0          0          0          0   entry5.o
         0          0          0          0          0          0   entry7b.o
         0          0          0          0          0          0   entry8b.o
         8          4          0          0          0          0   entry9a.o
        30          0          0          0          0          0   handlers.o
        36          8          0          0          0         68   init.o
         0          0          0          0          0          0   iusefp.o
        30          0          0          0          0         68   llshl.o
        36          0          0          0          0         68   llsshr.o
        32          0          0          0          0         68   llushr.o
       140          6         12          0          0         76   localtime_i.o
        12          6          0          0         44         68   localtime_w.o
        26          0          0          0          0         80   memcmp.o
        36          0          0          0          0         68   memcpya.o
        36          0          0          0          0        108   memseta.o
       168         18         12          0          0         80   mktime.o
      2320        110          0          0          0        764   printfa.o
         0          0          0          4          0          0   stdout.o
        24          0          0          0          0         68   strcat.o
        20          0          0          0          0         68   strchr.o
        28          0          0          0          0         76   strcmp.o
        14          0          0          0          0         68   strlen.o
        30          0          0          0          0         80   strncmp.o
        44          0          0          0          0         80   uidiv.o
        98          0          0          0          0         92   uldiv.o
        48          0          0          0          0         68   cdrcmple.o
       334          0          0          0          0        148   dadd.o
       222          0          0          0          0        100   ddiv.o
       186          0          0          0          0        176   depilogue.o
        48          0          0          0          0         68   dfixul.o
       228          0          0          0          0         96   dmul.o
        38          0          0          0          0         68   f2d.o
       124          0          0          0          0         88   fdiv.o
       110          0          0          0          0        168   fepilogue.o
        10          0          0          0          0         68   ffltui.o

    ----------------------------------------------------------------------
      4624        156         24          4         48       3096   Library Totals
         6          0          0          0          4          0   (incl. Padding)

    ----------------------------------------------------------------------

      Code (inc. data)   RO Data    RW Data    ZI Data      Debug   Library Name

      3270        156         24          4         44       2048   mc_w.l
      1348          0          0          0          0       1048   mf_w.l

    ----------------------------------------------------------------------
      4624        156         24          4         48       3096   Library Totals

    ----------------------------------------------------------------------

==============================================================================


      Code (inc. data)   RO Data    RW Data    ZI Data      Debug   

     84356      14126       5776       1776     316956    1133977   Grand Totals
     84356      14126       5776        344     316956    1133977   ELF Image Totals (compressed)
     84356      14126       5776        344          0          0   ROM Totals

==============================================================================

    Total RO  Size (Code + RO Data)                90132 (  88.02kB)
    Total RW  Size (RW Data + ZI Data)            318732 ( 311.26kB)
    Total ROM Size (Code + RO Data + RW Data)      90476 (  88.36kB)

==============================================================================

